Mar 31 06:12:04 7060 kernel: Booting Linux on physical CPU 0x0
Mar 31 06:12:04 7060 kernel: Linux version 4.1.15+ (robe@7060) (gcc version 6.3.1 20170109 (Linaro GCC 6.3-2017.02) ) #2 SMP PREEMPT Sun Mar 31 14:02:17 CST 2019
Mar 31 06:12:04 7060 kernel: CPU: ARMv7 Processor [410fc075] revision 5 (ARMv7), cr=10c53c7d
Mar 31 06:12:04 7060 kernel: CPU: PIPT / VIPT nonaliasing data cache, VIPT aliasing instruction cache
Mar 31 06:12:04 7060 kernel: Machine model: Freescale i.MX6 ULL 14x14 EVK Board
Mar 31 06:12:04 7060 kernel: Reserved memory: failed to allocate memory for node 'linux,cma'
Mar 31 06:12:04 7060 kernel: Memory policy: Data cache writealloc
Mar 31 06:12:04 7060 kernel: On node 0 totalpages: 65536
Mar 31 06:12:04 7060 kernel: free_area_init_node: node 0, pgdat 80c12c00, node_mem_map 8fdf7000
Mar 31 06:12:04 7060 kernel:  Normal zone: 512 pages used for memmap
Mar 31 06:12:04 7060 kernel:  Normal zone: 0 pages reserved
Mar 31 06:12:04 7060 kernel:  Normal zone: 65536 pages, LIFO batch:15
Mar 31 06:12:04 7060 kernel: PERCPU: Embedded 12 pages/cpu @8fdd4000 s16908 r8192 d24052 u49152
Mar 31 06:12:04 7060 kernel: pcpu-alloc: s16908 r8192 d24052 u49152 alloc=12*4096
Mar 31 06:12:04 7060 kernel: pcpu-alloc: [0] 0 
Mar 31 06:12:04 7060 kernel: Built 1 zonelists in Zone order, mobility grouping on.  Total pages: 65024
Mar 31 06:12:04 7060 kernel: Kernel command line: console=ttymxc0,115200 root=/dev/nfs rw nfsroot=192.168.50.21:/datadisk/dev_mys_y6ulx/nfs_rootfs ip=192.168.50.100:192.168.50.21:192.168.50.1:255.255.255.0::eth0:off
Mar 31 06:12:04 7060 kernel: PID hash table entries: 1024 (order: 0, 4096 bytes)
Mar 31 06:12:04 7060 kernel: Dentry cache hash table entries: 32768 (order: 5, 131072 bytes)
Mar 31 06:12:04 7060 kernel: Inode-cache hash table entries: 16384 (order: 4, 65536 bytes)
Mar 31 06:12:04 7060 kernel: Memory: 246880K/262144K available (8516K kernel code, 439K rwdata, 2944K rodata, 432K init, 450K bss, 15264K reserved, 0K cma-reserved, 0K highmem)
Mar 31 06:12:04 7060 kernel: Virtual kernel memory layout:
Mar 31 06:12:04 7060 kernel:    vector  : 0xffff0000 - 0xffff1000   (   4 kB)
Mar 31 06:12:04 7060 kernel:    fixmap  : 0xffc00000 - 0xfff00000   (3072 kB)
Mar 31 06:12:04 7060 kernel:    vmalloc : 0x90800000 - 0xff000000   (1768 MB)
Mar 31 06:12:04 7060 kernel:    lowmem  : 0x80000000 - 0x90000000   ( 256 MB)
Mar 31 06:12:04 7060 kernel:    pkmap   : 0x7fe00000 - 0x80000000   (   2 MB)
Mar 31 06:12:04 7060 kernel:    modules : 0x7f000000 - 0x7fe00000   (  14 MB)
Mar 31 06:12:04 7060 kernel:      .text : 0x80008000 - 0x80b393d4   (11461 kB)
Mar 31 06:12:04 7060 kernel:      .init : 0x80b3a000 - 0x80ba6000   ( 432 kB)
Mar 31 06:12:04 7060 kernel:      .data : 0x80ba6000 - 0x80c13de0   ( 440 kB)
Mar 31 06:12:04 7060 kernel:       .bss : 0x80c16000 - 0x80c86a40   ( 451 kB)
Mar 31 06:12:04 7060 kernel: SLUB: HWalign=64, Order=0-3, MinObjects=0, CPUs=1, Nodes=1
Mar 31 06:12:04 7060 kernel: Preemptible hierarchical RCU implementation.
Mar 31 06:12:04 7060 kernel: 	Additional per-CPU info printed with stalls.
Mar 31 06:12:04 7060 kernel: 	RCU restricting CPUs from NR_CPUS=4 to nr_cpu_ids=1.
Mar 31 06:12:04 7060 kernel: RCU: Adjusting geometry for rcu_fanout_leaf=16, nr_cpu_ids=1
Mar 31 06:12:04 7060 kernel: NR_IRQS:16 nr_irqs:16 16
Mar 31 06:12:04 7060 kernel: mxc_clocksource_init 24000000
Mar 31 06:12:04 7060 kernel: Switching to timer-based delay loop, resolution 41ns
Mar 31 06:12:04 7060 kernel: sched_clock: 32 bits at 24MHz, resolution 41ns, wraps every 89478484971ns
Mar 31 06:12:04 7060 kernel: clocksource mxc_timer1: mask: 0xffffffff max_cycles: 0xffffffff, max_idle_ns: 79635851949 ns
Mar 31 06:12:04 7060 kernel: Console: colour dummy device 80x30
Mar 31 06:12:04 7060 kernel: Calibrating delay loop (skipped), value calculated using timer frequency.. 48.00 BogoMIPS (lpj=240000)
Mar 31 06:12:04 7060 kernel: pid_max: default: 32768 minimum: 301
Mar 31 06:12:04 7060 kernel: Mount-cache hash table entries: 1024 (order: 0, 4096 bytes)
Mar 31 06:12:04 7060 kernel: Mountpoint-cache hash table entries: 1024 (order: 0, 4096 bytes)
Mar 31 06:12:04 7060 kernel: CPU: Testing write buffer coherency: ok
Mar 31 06:12:04 7060 kernel: /cpus/cpu@0 missing clock-frequency property
Mar 31 06:12:04 7060 kernel: CPU0: thread -1, cpu 0, socket 0, mpidr 80000000
Mar 31 06:12:04 7060 kernel: Setting up static identity map for 0x80008280 - 0x800082d8
Mar 31 06:12:04 7060 kernel: Brought up 1 CPUs
Mar 31 06:12:04 7060 kernel: SMP: Total of 1 processors activated (48.00 BogoMIPS).
Mar 31 06:12:04 7060 kernel: CPU: All CPU(s) started in SVC mode.
Mar 31 06:12:04 7060 kernel: devtmpfs: initialized
Mar 31 06:12:04 7060 kernel: device-tree: Duplicate name in lcdif@021c8000, renamed to "display#1"
Mar 31 06:12:04 7060 kernel: VFP support v0.3: implementor 41 architecture 2 part 30 variant 7 rev 5
Mar 31 06:12:04 7060 kernel: clocksource jiffies: mask: 0xffffffff max_cycles: 0xffffffff, max_idle_ns: 19112604462750000 ns
Mar 31 06:12:04 7060 kernel: pinctrl core: initialized pinctrl subsystem
Mar 31 06:12:04 7060 kernel: NET: Registered protocol family 16
Mar 31 06:12:04 7060 kernel: DMA: preallocated 256 KiB pool for atomic coherent allocations
Mar 31 06:12:04 7060 kernel: cpuidle: using governor ladder
Mar 31 06:12:04 7060 kernel: cpuidle: using governor menu
Mar 31 06:12:04 7060 kernel: hw-breakpoint: found 5 (+1 reserved) breakpoint and 4 watchpoint registers.
Mar 31 06:12:04 7060 kernel: hw-breakpoint: maximum watchpoint size is 8 bytes.
Mar 31 06:12:04 7060 kernel: imx6ul-pinctrl 20e0000.iomuxc: initialized IMX pinctrl driver
Mar 31 06:12:04 7060 kernel: imx6ul-pinctrl 2290000.iomuxc-snvs: initialized IMX pinctrl driver
Mar 31 06:12:04 7060 kernel: mxs-dma 1804000.dma-apbh: initialized
Mar 31 06:12:04 7060 kernel: SCSI subsystem initialized
Mar 31 06:12:04 7060 kernel: libata version 3.00 loaded.
Mar 31 06:12:04 7060 kernel: usbcore: registered new interface driver usbfs
Mar 31 06:12:04 7060 kernel: usbcore: registered new interface driver hub
Mar 31 06:12:04 7060 kernel: usbcore: registered new device driver usb
Mar 31 06:12:04 7060 kernel: i2c i2c-1: IMX I2C adapter registered
Mar 31 06:12:04 7060 kernel: i2c i2c-1: can't use DMA
Mar 31 06:12:04 7060 kernel: media: Linux media interface: v0.10
Mar 31 06:12:04 7060 kernel: Linux video capture interface: v2.00
Mar 31 06:12:04 7060 kernel: pps_core: LinuxPPS API ver. 1 registered
Mar 31 06:12:04 7060 kernel: pps_core: Software ver. 5.3.6 - Copyright 2005-2007 Rodolfo Giometti <giometti@linux.it>
Mar 31 06:12:04 7060 kernel: PTP clock support registered
Mar 31 06:12:04 7060 kernel: MIPI CSI2 driver module loaded
Mar 31 06:12:04 7060 kernel: Advanced Linux Sound Architecture Driver Initialized.
Mar 31 06:12:04 7060 kernel: Bluetooth: Core ver 2.20
Mar 31 06:12:04 7060 kernel: NET: Registered protocol family 31
Mar 31 06:12:04 7060 kernel: Bluetooth: HCI device and connection manager initialized
Mar 31 06:12:04 7060 kernel: Bluetooth: HCI socket layer initialized
Mar 31 06:12:04 7060 kernel: Bluetooth: L2CAP socket layer initialized
Mar 31 06:12:04 7060 kernel: Bluetooth: SCO socket layer initialized
Mar 31 06:12:04 7060 kernel: Switched to clocksource mxc_timer1
Mar 31 06:12:04 7060 kernel: NET: Registered protocol family 2
Mar 31 06:12:04 7060 kernel: TCP established hash table entries: 2048 (order: 1, 8192 bytes)
Mar 31 06:12:04 7060 kernel: TCP bind hash table entries: 2048 (order: 2, 16384 bytes)
Mar 31 06:12:04 7060 kernel: TCP: Hash tables configured (established 2048 bind 2048)
Mar 31 06:12:04 7060 kernel: UDP hash table entries: 256 (order: 1, 8192 bytes)
Mar 31 06:12:04 7060 kernel: UDP-Lite hash table entries: 256 (order: 1, 8192 bytes)
Mar 31 06:12:04 7060 kernel: NET: Registered protocol family 1
Mar 31 06:12:04 7060 kernel: RPC: Registered named UNIX socket transport module.
Mar 31 06:12:04 7060 kernel: RPC: Registered udp transport module.
Mar 31 06:12:04 7060 kernel: RPC: Registered tcp transport module.
Mar 31 06:12:04 7060 kernel: RPC: Registered tcp NFSv4.1 backchannel transport module.
Mar 31 06:12:04 7060 kernel: imx rpmsg driver is registered.
Mar 31 06:12:04 7060 kernel: Bus freq driver module loaded
Mar 31 06:12:04 7060 kernel: futex hash table entries: 256 (order: 2, 16384 bytes)
Mar 31 06:12:04 7060 kernel: VFS: Disk quotas dquot_6.6.0
Mar 31 06:12:04 7060 kernel: VFS: Dquot-cache hash table entries: 1024 (order 0, 4096 bytes)
Mar 31 06:12:04 7060 kernel: NFS: Registering the id_resolver key type
Mar 31 06:12:04 7060 kernel: Key type id_resolver registered
Mar 31 06:12:04 7060 kernel: Key type id_legacy registered
Mar 31 06:12:04 7060 kernel: jffs2: version 2.2. (NAND) © 2001-2006 Red Hat, Inc.
Mar 31 06:12:04 7060 kernel: fuse init (API version 7.23)
Mar 31 06:12:04 7060 kernel: io scheduler noop registered
Mar 31 06:12:04 7060 kernel: io scheduler deadline registered
Mar 31 06:12:04 7060 kernel: io scheduler cfq registered (default)
Mar 31 06:12:04 7060 kernel: imx-weim 21b8000.weim: Driver registered.
Mar 31 06:12:04 7060 kernel: backlight supply power not found, using dummy regulator
Mar 31 06:12:04 7060 kernel: MIPI DSI driver module loaded
Mar 31 06:12:04 7060 kernel: MIPI DSI driver module loaded
Mar 31 06:12:04 7060 kernel: 21c8000.lcdif supply lcd not found, using dummy regulator
Mar 31 06:12:04 7060 kernel: mxsfb 21c8000.lcdif: failed to find mxc display driver 
Mar 31 06:12:04 7060 kernel: Console: switching to colour frame buffer device 60x34
Mar 31 06:12:04 7060 kernel: mxsfb 21c8000.lcdif: initialized
Mar 31 06:12:04 7060 kernel: imx-sdma 20ec000.sdma: no event needs to be remapped
Mar 31 06:12:04 7060 kernel: imx-sdma 20ec000.sdma: loaded firmware 3.3
Mar 31 06:12:04 7060 kernel: imx-sdma 20ec000.sdma: initialized
Mar 31 06:12:04 7060 kernel: 2020000.serial: ttymxc0 at MMIO 0x2020000 (irq = 18, base_baud = 5000000) is a IMX
Mar 31 06:12:04 7060 kernel: console [ttymxc0] enabled
Mar 31 06:12:04 7060 kernel: imx-rng 2284000.rngb: iMX RNG Registered.
Mar 31 06:12:04 7060 kernel: imx sema4 driver is registered.
Mar 31 06:12:04 7060 kernel: [drm] Initialized drm 1.1.0 20060810
Mar 31 06:12:04 7060 kernel: [drm] Initialized vivante 1.0.0 20120216 on minor 0
Mar 31 06:12:04 7060 kernel: brd: module loaded
Mar 31 06:12:04 7060 kernel: loop: module loaded
Mar 31 06:12:04 7060 kernel: CAN device driver interface
Mar 31 06:12:04 7060 kernel: 2188000.ethernet supply phy not found, using dummy regulator
Mar 31 06:12:04 7060 kernel: pps pps0: new PPS source ptp0
Mar 31 06:12:04 7060 kernel: libphy: fec_enet_mii_bus: probed
Mar 31 06:12:04 7060 kernel: fec 2188000.ethernet eth0: registered PHC device 0
Mar 31 06:12:04 7060 kernel: PPP generic driver version 2.4.2
Mar 31 06:12:04 7060 kernel: PPP BSD Compression module registered
Mar 31 06:12:04 7060 kernel: PPP Deflate Compression module registered
Mar 31 06:12:04 7060 kernel: PPP MPPE Compression module registered
Mar 31 06:12:04 7060 kernel: NET: Registered protocol family 24
Mar 31 06:12:04 7060 kernel: SLIP: version 0.8.4-NET3.019-NEWTTY (dynamic channels, max=256) (6 bit encapsulation enabled).
Mar 31 06:12:04 7060 kernel: CSLIP: code copyright 1989 Regents of the University of California.
Mar 31 06:12:04 7060 kernel: SLIP linefill/keepalive option.
Mar 31 06:12:04 7060 kernel: ehci_hcd: USB 2.0 'Enhanced' Host Controller (EHCI) Driver
Mar 31 06:12:04 7060 kernel: ehci-mxc: Freescale On-Chip EHCI Host driver
Mar 31 06:12:04 7060 kernel: usbcore: registered new interface driver usb-storage
Mar 31 06:12:04 7060 kernel: usbcore: registered new interface driver usb_ehset_test
Mar 31 06:12:04 7060 kernel: 2184800.usbmisc supply vbus-wakeup not found, using dummy regulator
Mar 31 06:12:04 7060 kernel: 2184200.usb supply vbus not found, using dummy regulator
Mar 31 06:12:04 7060 kernel: ci_hdrc ci_hdrc.1: EHCI Host Controller
Mar 31 06:12:04 7060 kernel: ci_hdrc ci_hdrc.1: new USB bus registered, assigned bus number 1
Mar 31 06:12:04 7060 kernel: ci_hdrc ci_hdrc.1: USB 2.0 started, EHCI 1.00
Mar 31 06:12:04 7060 kernel: hub 1-0:1.0: USB hub found
Mar 31 06:12:04 7060 kernel: hub 1-0:1.0: 1 port detected
Mar 31 06:12:04 7060 kernel: mousedev: PS/2 mouse device common for all mice
Mar 31 06:12:04 7060 kernel: input: 20cc000.snvs:snvs-powerkey as /devices/platform/soc/2000000.aips-bus/20cc000.snvs/20cc000.snvs:snvs-powerkey/input/input0
Mar 31 06:12:04 7060 kernel: tp reset gpio=131
Mar 31 06:12:04 7060 kernel: msg ft5x0x_i2c_rxdata i2c read error: -5
Mar 31 06:12:04 7060 kernel: ft5x0x read ID error!
Mar 31 06:12:04 7060 kernel: ft5x06_ts: probe of 1-0038 failed with error 161
Mar 31 06:12:04 7060 kernel: ft5x0x_ts_init successful
Mar 31 06:12:04 7060 kernel: input: iMX6UL TouchScreen Controller as /devices/platform/soc/2000000.aips-bus/2040000.tsc/input/input1
Mar 31 06:12:04 7060 kernel: snvs_rtc 20cc000.snvs:snvs-rtc-lp: rtc core: registered 20cc000.snvs:snvs-r as rtc0
Mar 31 06:12:04 7060 kernel: i2c /dev entries driver
Mar 31 06:12:04 7060 kernel: IR NEC protocol handler initialized
Mar 31 06:12:04 7060 kernel: IR RC5(x/sz) protocol handler initialized
Mar 31 06:12:04 7060 kernel: IR RC6 protocol handler initialized
Mar 31 06:12:04 7060 kernel: IR JVC protocol handler initialized
Mar 31 06:12:04 7060 kernel: IR Sony protocol handler initialized
Mar 31 06:12:04 7060 kernel: IR SANYO protocol handler initialized
Mar 31 06:12:04 7060 kernel: IR Sharp protocol handler initialized
Mar 31 06:12:04 7060 kernel: IR MCE Keyboard/mouse protocol handler initialized
Mar 31 06:12:04 7060 kernel: IR XMP protocol handler initialized
Mar 31 06:12:04 7060 kernel: pxp-v4l2 pxp_v4l2: initialized
Mar 31 06:12:04 7060 kernel: usbcore: registered new interface driver uvcvideo
Mar 31 06:12:04 7060 kernel: USB Video Class driver (1.1.1)
Mar 31 06:12:04 7060 kernel: imx2-wdt 20bc000.wdog: use WDOG_B to reboot.
Mar 31 06:12:04 7060 kernel: imx2-wdt 20bc000.wdog: timeout 60 sec (nowayout=0)
Mar 31 06:12:04 7060 kernel: Bluetooth: HCI UART driver ver 2.3
Mar 31 06:12:04 7060 kernel: Bluetooth: HCI UART protocol H4 registered
Mar 31 06:12:04 7060 kernel: Bluetooth: HCI UART protocol BCSP registered
Mar 31 06:12:04 7060 kernel: Bluetooth: HCI UART protocol ATH3K registered
Mar 31 06:12:04 7060 kernel: usbcore: registered new interface driver btusb
Mar 31 06:12:04 7060 kernel: usbcore: registered new interface driver ath3k
Mar 31 06:12:04 7060 kernel: sdhci: Secure Digital Host Controller Interface driver
Mar 31 06:12:04 7060 kernel: sdhci: Copyright(c) Pierre Ossman
Mar 31 06:12:04 7060 kernel: sdhci-pltfm: SDHCI platform and OF driver helper
Mar 31 06:12:04 7060 kernel: /soc/aips-bus@02100000/usdhc@02190000: voltage-ranges unspecified
Mar 31 06:12:04 7060 kernel: sdhci-esdhc-imx 2190000.usdhc: could not get ultra high speed state, work on normal mode
Mar 31 06:12:04 7060 kernel: sdhci-esdhc-imx 2190000.usdhc: Got CD GPIO
Mar 31 06:12:04 7060 kernel: sdhci-esdhc-imx 2190000.usdhc: No vmmc regulator found
Mar 31 06:12:04 7060 kernel: sdhci-esdhc-imx 2190000.usdhc: No vqmmc regulator found
Mar 31 06:12:04 7060 kernel: mmc0: SDHCI controller on 2190000.usdhc [2190000.usdhc] using ADMA
Mar 31 06:12:04 7060 kernel: /soc/aips-bus@02100000/usdhc@02194000: voltage-ranges unspecified
Mar 31 06:12:04 7060 kernel: sdhci-esdhc-imx 2194000.usdhc: No vmmc regulator found
Mar 31 06:12:04 7060 kernel: sdhci-esdhc-imx 2194000.usdhc: No vqmmc regulator found
Mar 31 06:12:04 7060 kernel: usb 1-1: new high-speed USB device number 2 using ci_hdrc
Mar 31 06:12:04 7060 kernel: mmc0: host does not support reading read-only switch, assuming write-enable
Mar 31 06:12:04 7060 kernel: mmc1: SDHCI controller on 2194000.usdhc [2194000.usdhc] using ADMA
Mar 31 06:12:04 7060 kernel: mmc0: new high speed SDHC card at address aaaa
Mar 31 06:12:04 7060 kernel: mmcblk0: mmc0:aaaa SS16G 14.8 GiB 
Mar 31 06:12:04 7060 kernel: usbcore: registered new interface driver usbhid
Mar 31 06:12:04 7060 kernel: mmcblk0: p1 p2
Mar 31 06:12:04 7060 kernel: usbhid: USB HID core driver
Mar 31 06:12:04 7060 kernel: usbcore: registered new interface driver snd-usb-audio
Mar 31 06:12:04 7060 kernel: fsl-asrc 2034000.asrc: driver registered
Mar 31 06:12:04 7060 kernel: NET: Registered protocol family 26
Mar 31 06:12:04 7060 kernel: NET: Registered protocol family 10
Mar 31 06:12:04 7060 kernel: sit: IPv6 over IPv4 tunneling driver
Mar 31 06:12:04 7060 kernel: NET: Registered protocol family 17
Mar 31 06:12:04 7060 kernel: can: controller area network core (rev 20120528 abi 9)
Mar 31 06:12:04 7060 kernel: NET: Registered protocol family 29
Mar 31 06:12:04 7060 kernel: can: raw protocol (rev 20120528)
Mar 31 06:12:04 7060 kernel: can: broadcast manager protocol (rev 20120528 t)
Mar 31 06:12:04 7060 kernel: can: netlink gateway (rev 20130117) max_hops=1
Mar 31 06:12:04 7060 kernel: hub 1-1:1.0: USB hub found
Mar 31 06:12:04 7060 kernel: hub 1-1:1.0: 2 ports detected
Mar 31 06:12:04 7060 kernel: Bluetooth: RFCOMM TTY layer initialized
Mar 31 06:12:04 7060 kernel: Bluetooth: RFCOMM socket layer initialized
Mar 31 06:12:04 7060 kernel: Bluetooth: RFCOMM ver 1.11
Mar 31 06:12:04 7060 kernel: Bluetooth: BNEP (Ethernet Emulation) ver 1.3
Mar 31 06:12:04 7060 kernel: Bluetooth: BNEP filters: protocol multicast
Mar 31 06:12:04 7060 kernel: Bluetooth: BNEP socket layer initialized
Mar 31 06:12:04 7060 kernel: Bluetooth: HIDP (Human Interface Emulation) ver 1.2
Mar 31 06:12:04 7060 kernel: Bluetooth: HIDP socket layer initialized
Mar 31 06:12:04 7060 kernel: 8021q: 802.1Q VLAN Support v1.8
Mar 31 06:12:04 7060 kernel: Key type dns_resolver registered
Mar 31 06:12:04 7060 kernel: cpu cpu0: dev_pm_opp_get_opp_count: device OPP not found (-19)
Mar 31 06:12:04 7060 kernel: dhd_module_init in
Mar 31 06:12:04 7060 kernel: input: gpio-keys as /devices/platform/gpio-keys/input/input2
Mar 31 06:12:04 7060 kernel: snvs_rtc 20cc000.snvs:snvs-rtc-lp: setting system clock to 2019-03-31 06:11:49 UTC (1554012709)
Mar 31 06:12:04 7060 kernel: fec 2188000.ethernet eth0: Freescale FEC PHY driver [Generic PHY] (mii_bus:phy_addr=2188000.ethernet:00, irq=-1)
Mar 31 06:12:04 7060 kernel: IPv6: ADDRCONF(NETDEV_UP): eth0: link is not ready
Mar 31 06:12:04 7060 kernel: usb 1-1.1: new high-speed USB device number 3 using ci_hdrc
Mar 31 06:12:04 7060 kernel: fec 2188000.ethernet eth0: Link is Up - 100Mbps/Full - flow control off
Mar 31 06:12:04 7060 kernel: IPv6: ADDRCONF(NETDEV_CHANGE): eth0: link becomes ready
Mar 31 06:12:04 7060 kernel: IP-Config: Complete:
Mar 31 06:12:04 7060 kernel:     device=eth0, hwaddr=22:17:b3:6b:e7:3c, ipaddr=192.168.50.100, mask=255.255.255.0, gw=192.168.50.1
Mar 31 06:12:04 7060 kernel:     host=192.168.50.100, domain=, nis-domain=(none)
Mar 31 06:12:04 7060 kernel:     bootserver=192.168.50.21, rootserver=192.168.50.21, rootpath=
Mar 31 06:12:04 7060 kernel: gpio_dvfs: disabling
Mar 31 06:12:04 7060 kernel: VSD_3V3: disabling
Mar 31 06:12:04 7060 kernel: can-3v3: disabling
Mar 31 06:12:04 7060 kernel: ALSA device list:
Mar 31 06:12:04 7060 kernel:  No soundcards found.
Mar 31 06:12:04 7060 kernel: VFS: Mounted root (nfs filesystem) on device 0:14.
Mar 31 06:12:04 7060 kernel: devtmpfs: mounted
Mar 31 06:12:04 7060 kernel: Freeing unused kernel memory: 432K (80b3a000 - 80ba6000)
Mar 31 06:12:04 7060 kernel: random: systemd urandom read with 86 bits of entropy available
Mar 31 06:12:04 7060 kernel: random: nonblocking pool is initialized
Mar 31 06:12:04 7060 systemd[1]: Started Create Static Device Nodes in /dev.
Mar 31 06:12:04 7060 systemd[1]: Started Apply Kernel Variables.
Mar 31 06:12:04 7060 systemd[1]: Started Load/Save Random Seed.
Mar 31 06:12:04 7060 systemd[1]: Reached target Local File Systems (Pre).
Mar 31 06:12:04 7060 systemd[1]: Reached target Local File Systems.
Mar 31 06:12:04 7060 systemd[1]: Starting Raise network interfaces...
Mar 31 06:12:04 7060 systemd[1]: Starting udev Kernel Device Manager...
Mar 31 06:12:04 7060 systemd[1]: Starting Flush Journal to Persistent Storage...
Mar 31 06:12:04 7060 systemd[1]: Started Flush Journal to Persistent Storage.
Mar 31 06:12:04 7060 systemd[1]: Starting Create Volatile Files and Directories...
Mar 31 06:12:04 7060 systemd[1]: Started udev Kernel Device Manager.
Mar 31 06:12:04 7060 systemd[1]: Started Create Volatile Files and Directories.
Mar 31 06:12:04 7060 systemd[1]: Starting Update UTMP about System Boot/Shutdown...
Mar 31 06:12:04 7060 systemd[1]: Starting Network Time Synchronization...
Mar 31 06:12:04 7060 systemd[1]: Started Update UTMP about System Boot/Shutdown.
Mar 31 06:12:04 7060 systemd[1]: Started Raise network interfaces.
Mar 31 06:12:04 7060 systemd[1]: Reached target Network.
Mar 31 06:12:04 7060 systemd[1]: Started Network Time Synchronization.
Mar 31 06:12:04 7060 systemd[1]: Reached target System Time Synchronized.
Mar 31 06:12:04 7060 systemd-udevd[165]: could not open moddep file '/lib/modules/4.1.15+/modules.dep.bin'
Mar 31 06:12:04 7060 systemd-udevd[164]: Failed to apply ACL on /dev/dri/card0: Operation not supported
Mar 31 06:12:04 7060 systemd-udevd[168]: Failed to apply ACL on /dev/video0: Operation not supported
Mar 31 06:12:04 7060 systemd[1]: Created slice system-systemd\x2dbacklight.slice.
Mar 31 06:12:04 7060 systemd[1]: Starting Load/Save Screen Backlight Brightness of backlight:backlight...
Mar 31 06:12:04 7060 systemd[1]: Started udev Coldplug all Devices.
Mar 31 06:12:04 7060 systemd[1]: Found device /dev/ttymxc0.
Mar 31 06:12:04 7060 systemd[1]: Started Load/Save Screen Backlight Brightness of backlight:backlight.
Mar 31 06:12:04 7060 systemd[1]: Reached target System Initialization.
Mar 31 06:12:04 7060 systemd[1]: Started Daily Cleanup of Temporary Directories.
Mar 31 06:12:04 7060 systemd[1]: apt-daily.timer: Adding 1h 55min 45.148596s random time.
Mar 31 06:12:04 7060 systemd[1]: Started Daily apt download activities.
Mar 31 06:12:04 7060 systemd[1]: apt-daily-upgrade.timer: Adding 29min 51.682303s random time.
Mar 31 06:12:04 7060 systemd[1]: Started Daily apt upgrade and clean activities.
Mar 31 06:12:04 7060 systemd[1]: Reached target Timers.
Mar 31 06:12:04 7060 systemd[1]: Reached target Basic System.
Mar 31 06:12:04 7060 systemd[1]: Starting getty on tty2-tty6 if dbus and logind are not available...
Mar 31 06:12:04 7060 systemd[1]: Starting Permit User Sessions...
Mar 31 06:12:04 7060 systemd[1]: Starting System Logging Service...
Mar 31 06:12:04 7060 systemd[1]: Started Regular background program processing daemon.
Mar 31 06:12:04 7060 cron[183]: (CRON) INFO (pidfile fd = 3)
Mar 31 06:12:04 7060 systemd[1]: Started Permit User Sessions.
Mar 31 06:12:04 7060 cron[183]: (CRON) INFO (Running @reboot jobs)
Mar 31 06:12:04 7060 liblogging-stdlog:  [origin software="rsyslogd" swVersion="8.24.0" x-pid="182" x-info="http://www.rsyslog.com"] start
Mar 31 06:12:04 7060 systemd[1]: Started System Logging Service.
Mar 31 06:12:04 7060 systemd-udevd[168]: Failed to apply ACL on /dev/snd/timer: Operation not supported
Mar 31 06:12:05 7060 systemd[1]: Started getty on tty2-tty6 if dbus and logind are not available.
Mar 31 06:12:05 7060 systemd[1]: Started Getty on tty6.
Mar 31 06:12:05 7060 systemd[1]: Started Getty on tty5.
Mar 31 06:12:05 7060 systemd[1]: Started Getty on tty4.
Mar 31 06:12:05 7060 systemd[1]: Started Getty on tty3.
Mar 31 06:12:05 7060 systemd[1]: Started Getty on tty2.
Mar 31 06:12:05 7060 systemd[1]: Started Serial Getty on ttymxc0.
Mar 31 06:12:05 7060 systemd[1]: Started Getty on tty1.
Mar 31 06:12:05 7060 systemd[1]: Reached target Login Prompts.
Mar 31 06:12:05 7060 systemd[1]: Reached target Multi-User System.
Mar 31 06:12:05 7060 systemd[1]: Reached target Graphical Interface.
Mar 31 06:12:05 7060 systemd[1]: Starting Update UTMP about System Runlevel Changes...
Mar 31 06:12:05 7060 systemd[1]: Started Update UTMP about System Runlevel Changes.
Mar 31 06:12:05 7060 systemd[1]: Startup finished in 10.606s (kernel) + 7.573s (userspace) = 18.180s.
Mar 31 06:14:04 7060 kernel: fec 2188000.ethernet eth0: Link is Down
Mar 31 06:14:11 7060 kernel: fec 2188000.ethernet eth0: Link is Up - 100Mbps/Full - flow control off
Mar 31 06:14:20 7060 kernel: nfs: server 192.168.50.21 not responding, still trying
Mar 31 06:14:38 7060 kernel: nfs: server 192.168.50.21 not responding, still trying
Mar 31 06:14:38 7060 kernel: nfs: server 192.168.50.21 OK
Mar 31 06:14:38 7060 kernel: nfs: server 192.168.50.21 OK
Mar 31 06:16:52 mys_y6ulx kernel: Booting Linux on physical CPU 0x0
Mar 31 06:16:52 mys_y6ulx kernel: Linux version 4.1.15+ (robe@7060) (gcc version 6.3.1 20170109 (Linaro GCC 6.3-2017.02) ) #2 SMP PREEMPT Sun Mar 31 14:02:17 CST 2019
Mar 31 06:16:52 mys_y6ulx kernel: CPU: ARMv7 Processor [410fc075] revision 5 (ARMv7), cr=10c53c7d
Mar 31 06:16:52 mys_y6ulx kernel: CPU: PIPT / VIPT nonaliasing data cache, VIPT aliasing instruction cache
Mar 31 06:16:52 mys_y6ulx kernel: Machine model: Freescale i.MX6 ULL 14x14 EVK Board
Mar 31 06:16:52 mys_y6ulx kernel: Reserved memory: failed to allocate memory for node 'linux,cma'
Mar 31 06:16:52 mys_y6ulx kernel: Memory policy: Data cache writealloc
Mar 31 06:16:52 mys_y6ulx kernel: On node 0 totalpages: 65536
Mar 31 06:16:52 mys_y6ulx kernel: free_area_init_node: node 0, pgdat 80c12c00, node_mem_map 8fdf7000
Mar 31 06:16:52 mys_y6ulx kernel:  Normal zone: 512 pages used for memmap
Mar 31 06:16:52 mys_y6ulx kernel:  Normal zone: 0 pages reserved
Mar 31 06:16:52 mys_y6ulx kernel:  Normal zone: 65536 pages, LIFO batch:15
Mar 31 06:16:52 mys_y6ulx kernel: PERCPU: Embedded 12 pages/cpu @8fdd4000 s16908 r8192 d24052 u49152
Mar 31 06:16:52 mys_y6ulx kernel: pcpu-alloc: s16908 r8192 d24052 u49152 alloc=12*4096
Mar 31 06:16:52 mys_y6ulx kernel: pcpu-alloc: [0] 0 
Mar 31 06:16:52 mys_y6ulx kernel: Built 1 zonelists in Zone order, mobility grouping on.  Total pages: 65024
Mar 31 06:16:52 mys_y6ulx kernel: Kernel command line: console=ttymxc0,115200 root=/dev/nfs rw nfsroot=192.168.50.21:/datadisk/dev_mys_y6ulx/nfs_rootfs ip=192.168.50.100:192.168.50.21:192.168.50.1:255.255.255.0::eth0:off
Mar 31 06:16:52 mys_y6ulx kernel: PID hash table entries: 1024 (order: 0, 4096 bytes)
Mar 31 06:16:52 mys_y6ulx kernel: Dentry cache hash table entries: 32768 (order: 5, 131072 bytes)
Mar 31 06:16:52 mys_y6ulx kernel: Inode-cache hash table entries: 16384 (order: 4, 65536 bytes)
Mar 31 06:16:52 mys_y6ulx kernel: Memory: 246880K/262144K available (8516K kernel code, 439K rwdata, 2944K rodata, 432K init, 450K bss, 15264K reserved, 0K cma-reserved, 0K highmem)
Mar 31 06:16:52 mys_y6ulx kernel: Virtual kernel memory layout:
Mar 31 06:16:52 mys_y6ulx kernel:    vector  : 0xffff0000 - 0xffff1000   (   4 kB)
Mar 31 06:16:52 mys_y6ulx kernel:    fixmap  : 0xffc00000 - 0xfff00000   (3072 kB)
Mar 31 06:16:52 mys_y6ulx kernel:    vmalloc : 0x90800000 - 0xff000000   (1768 MB)
Mar 31 06:16:52 mys_y6ulx kernel:    lowmem  : 0x80000000 - 0x90000000   ( 256 MB)
Mar 31 06:16:52 mys_y6ulx kernel:    pkmap   : 0x7fe00000 - 0x80000000   (   2 MB)
Mar 31 06:16:52 mys_y6ulx kernel:    modules : 0x7f000000 - 0x7fe00000   (  14 MB)
Mar 31 06:16:52 mys_y6ulx kernel:      .text : 0x80008000 - 0x80b393d4   (11461 kB)
Mar 31 06:16:52 mys_y6ulx kernel:      .init : 0x80b3a000 - 0x80ba6000   ( 432 kB)
Mar 31 06:16:52 mys_y6ulx kernel:      .data : 0x80ba6000 - 0x80c13de0   ( 440 kB)
Mar 31 06:16:52 mys_y6ulx kernel:       .bss : 0x80c16000 - 0x80c86a40   ( 451 kB)
Mar 31 06:16:52 mys_y6ulx kernel: SLUB: HWalign=64, Order=0-3, MinObjects=0, CPUs=1, Nodes=1
Mar 31 06:16:52 mys_y6ulx kernel: Preemptible hierarchical RCU implementation.
Mar 31 06:16:52 mys_y6ulx kernel: 	Additional per-CPU info printed with stalls.
Mar 31 06:16:52 mys_y6ulx kernel: 	RCU restricting CPUs from NR_CPUS=4 to nr_cpu_ids=1.
Mar 31 06:16:52 mys_y6ulx kernel: RCU: Adjusting geometry for rcu_fanout_leaf=16, nr_cpu_ids=1
Mar 31 06:16:52 mys_y6ulx kernel: NR_IRQS:16 nr_irqs:16 16
Mar 31 06:16:52 mys_y6ulx kernel: mxc_clocksource_init 24000000
Mar 31 06:16:52 mys_y6ulx kernel: Switching to timer-based delay loop, resolution 41ns
Mar 31 06:16:52 mys_y6ulx kernel: sched_clock: 32 bits at 24MHz, resolution 41ns, wraps every 89478484971ns
Mar 31 06:16:52 mys_y6ulx kernel: clocksource mxc_timer1: mask: 0xffffffff max_cycles: 0xffffffff, max_idle_ns: 79635851949 ns
Mar 31 06:16:52 mys_y6ulx kernel: Console: colour dummy device 80x30
Mar 31 06:16:52 mys_y6ulx kernel: Calibrating delay loop (skipped), value calculated using timer frequency.. 48.00 BogoMIPS (lpj=240000)
Mar 31 06:16:52 mys_y6ulx kernel: pid_max: default: 32768 minimum: 301
Mar 31 06:16:52 mys_y6ulx kernel: Mount-cache hash table entries: 1024 (order: 0, 4096 bytes)
Mar 31 06:16:52 mys_y6ulx kernel: Mountpoint-cache hash table entries: 1024 (order: 0, 4096 bytes)
Mar 31 06:16:52 mys_y6ulx kernel: CPU: Testing write buffer coherency: ok
Mar 31 06:16:52 mys_y6ulx kernel: /cpus/cpu@0 missing clock-frequency property
Mar 31 06:16:52 mys_y6ulx kernel: CPU0: thread -1, cpu 0, socket 0, mpidr 80000000
Mar 31 06:16:52 mys_y6ulx kernel: Setting up static identity map for 0x80008280 - 0x800082d8
Mar 31 06:16:52 mys_y6ulx kernel: Brought up 1 CPUs
Mar 31 06:16:52 mys_y6ulx kernel: SMP: Total of 1 processors activated (48.00 BogoMIPS).
Mar 31 06:16:52 mys_y6ulx kernel: CPU: All CPU(s) started in SVC mode.
Mar 31 06:16:52 mys_y6ulx kernel: devtmpfs: initialized
Mar 31 06:16:52 mys_y6ulx kernel: device-tree: Duplicate name in lcdif@021c8000, renamed to "display#1"
Mar 31 06:16:52 mys_y6ulx kernel: VFP support v0.3: implementor 41 architecture 2 part 30 variant 7 rev 5
Mar 31 06:16:52 mys_y6ulx kernel: clocksource jiffies: mask: 0xffffffff max_cycles: 0xffffffff, max_idle_ns: 19112604462750000 ns
Mar 31 06:16:52 mys_y6ulx kernel: pinctrl core: initialized pinctrl subsystem
Mar 31 06:16:52 mys_y6ulx kernel: NET: Registered protocol family 16
Mar 31 06:16:52 mys_y6ulx kernel: DMA: preallocated 256 KiB pool for atomic coherent allocations
Mar 31 06:16:52 mys_y6ulx kernel: cpuidle: using governor ladder
Mar 31 06:16:52 mys_y6ulx kernel: cpuidle: using governor menu
Mar 31 06:16:52 mys_y6ulx kernel: hw-breakpoint: found 5 (+1 reserved) breakpoint and 4 watchpoint registers.
Mar 31 06:16:52 mys_y6ulx kernel: hw-breakpoint: maximum watchpoint size is 8 bytes.
Mar 31 06:16:52 mys_y6ulx kernel: imx6ul-pinctrl 20e0000.iomuxc: initialized IMX pinctrl driver
Mar 31 06:16:52 mys_y6ulx kernel: imx6ul-pinctrl 2290000.iomuxc-snvs: initialized IMX pinctrl driver
Mar 31 06:16:52 mys_y6ulx kernel: mxs-dma 1804000.dma-apbh: initialized
Mar 31 06:16:52 mys_y6ulx kernel: SCSI subsystem initialized
Mar 31 06:16:52 mys_y6ulx kernel: libata version 3.00 loaded.
Mar 31 06:16:52 mys_y6ulx kernel: usbcore: registered new interface driver usbfs
Mar 31 06:16:52 mys_y6ulx kernel: usbcore: registered new interface driver hub
Mar 31 06:16:52 mys_y6ulx kernel: usbcore: registered new device driver usb
Mar 31 06:16:52 mys_y6ulx kernel: i2c i2c-1: IMX I2C adapter registered
Mar 31 06:16:52 mys_y6ulx kernel: i2c i2c-1: can't use DMA
Mar 31 06:16:52 mys_y6ulx kernel: media: Linux media interface: v0.10
Mar 31 06:16:52 mys_y6ulx kernel: Linux video capture interface: v2.00
Mar 31 06:16:52 mys_y6ulx kernel: pps_core: LinuxPPS API ver. 1 registered
Mar 31 06:16:52 mys_y6ulx kernel: pps_core: Software ver. 5.3.6 - Copyright 2005-2007 Rodolfo Giometti <giometti@linux.it>
Mar 31 06:16:52 mys_y6ulx kernel: PTP clock support registered
Mar 31 06:16:52 mys_y6ulx kernel: MIPI CSI2 driver module loaded
Mar 31 06:16:52 mys_y6ulx kernel: Advanced Linux Sound Architecture Driver Initialized.
Mar 31 06:16:52 mys_y6ulx kernel: Bluetooth: Core ver 2.20
Mar 31 06:16:52 mys_y6ulx kernel: NET: Registered protocol family 31
Mar 31 06:16:52 mys_y6ulx kernel: Bluetooth: HCI device and connection manager initialized
Mar 31 06:16:52 mys_y6ulx kernel: Bluetooth: HCI socket layer initialized
Mar 31 06:16:52 mys_y6ulx kernel: Bluetooth: L2CAP socket layer initialized
Mar 31 06:16:52 mys_y6ulx kernel: Bluetooth: SCO socket layer initialized
Mar 31 06:16:52 mys_y6ulx kernel: Switched to clocksource mxc_timer1
Mar 31 06:16:52 mys_y6ulx kernel: NET: Registered protocol family 2
Mar 31 06:16:52 mys_y6ulx kernel: TCP established hash table entries: 2048 (order: 1, 8192 bytes)
Mar 31 06:16:52 mys_y6ulx kernel: TCP bind hash table entries: 2048 (order: 2, 16384 bytes)
Mar 31 06:16:52 mys_y6ulx kernel: TCP: Hash tables configured (established 2048 bind 2048)
Mar 31 06:16:52 mys_y6ulx kernel: UDP hash table entries: 256 (order: 1, 8192 bytes)
Mar 31 06:16:52 mys_y6ulx kernel: UDP-Lite hash table entries: 256 (order: 1, 8192 bytes)
Mar 31 06:16:52 mys_y6ulx kernel: NET: Registered protocol family 1
Mar 31 06:16:52 mys_y6ulx kernel: RPC: Registered named UNIX socket transport module.
Mar 31 06:16:52 mys_y6ulx kernel: RPC: Registered udp transport module.
Mar 31 06:16:52 mys_y6ulx kernel: RPC: Registered tcp transport module.
Mar 31 06:16:52 mys_y6ulx kernel: RPC: Registered tcp NFSv4.1 backchannel transport module.
Mar 31 06:16:52 mys_y6ulx kernel: imx rpmsg driver is registered.
Mar 31 06:16:52 mys_y6ulx kernel: Bus freq driver module loaded
Mar 31 06:16:52 mys_y6ulx kernel: futex hash table entries: 256 (order: 2, 16384 bytes)
Mar 31 06:16:52 mys_y6ulx kernel: VFS: Disk quotas dquot_6.6.0
Mar 31 06:16:52 mys_y6ulx kernel: VFS: Dquot-cache hash table entries: 1024 (order 0, 4096 bytes)
Mar 31 06:16:52 mys_y6ulx kernel: NFS: Registering the id_resolver key type
Mar 31 06:16:52 mys_y6ulx kernel: Key type id_resolver registered
Mar 31 06:16:52 mys_y6ulx kernel: Key type id_legacy registered
Mar 31 06:16:52 mys_y6ulx kernel: jffs2: version 2.2. (NAND) © 2001-2006 Red Hat, Inc.
Mar 31 06:16:52 mys_y6ulx kernel: fuse init (API version 7.23)
Mar 31 06:16:52 mys_y6ulx kernel: io scheduler noop registered
Mar 31 06:16:52 mys_y6ulx kernel: io scheduler deadline registered
Mar 31 06:16:52 mys_y6ulx kernel: io scheduler cfq registered (default)
Mar 31 06:16:52 mys_y6ulx kernel: imx-weim 21b8000.weim: Driver registered.
Mar 31 06:16:52 mys_y6ulx kernel: backlight supply power not found, using dummy regulator
Mar 31 06:16:52 mys_y6ulx kernel: MIPI DSI driver module loaded
Mar 31 06:16:52 mys_y6ulx kernel: MIPI DSI driver module loaded
Mar 31 06:16:52 mys_y6ulx kernel: 21c8000.lcdif supply lcd not found, using dummy regulator
Mar 31 06:16:52 mys_y6ulx kernel: mxsfb 21c8000.lcdif: failed to find mxc display driver 
Mar 31 06:16:52 mys_y6ulx kernel: Console: switching to colour frame buffer device 60x34
Mar 31 06:16:52 mys_y6ulx kernel: mxsfb 21c8000.lcdif: initialized
Mar 31 06:16:52 mys_y6ulx kernel: imx-sdma 20ec000.sdma: no event needs to be remapped
Mar 31 06:16:52 mys_y6ulx kernel: imx-sdma 20ec000.sdma: loaded firmware 3.3
Mar 31 06:16:52 mys_y6ulx kernel: imx-sdma 20ec000.sdma: initialized
Mar 31 06:16:52 mys_y6ulx kernel: 2020000.serial: ttymxc0 at MMIO 0x2020000 (irq = 18, base_baud = 5000000) is a IMX
Mar 31 06:16:52 mys_y6ulx kernel: console [ttymxc0] enabled
Mar 31 06:16:52 mys_y6ulx kernel: imx-rng 2284000.rngb: iMX RNG Registered.
Mar 31 06:16:52 mys_y6ulx kernel: imx sema4 driver is registered.
Mar 31 06:16:52 mys_y6ulx kernel: [drm] Initialized drm 1.1.0 20060810
Mar 31 06:16:52 mys_y6ulx kernel: [drm] Initialized vivante 1.0.0 20120216 on minor 0
Mar 31 06:16:52 mys_y6ulx kernel: brd: module loaded
Mar 31 06:16:52 mys_y6ulx kernel: loop: module loaded
Mar 31 06:16:52 mys_y6ulx kernel: CAN device driver interface
Mar 31 06:16:52 mys_y6ulx kernel: 2188000.ethernet supply phy not found, using dummy regulator
Mar 31 06:16:52 mys_y6ulx kernel: pps pps0: new PPS source ptp0
Mar 31 06:16:52 mys_y6ulx kernel: libphy: fec_enet_mii_bus: probed
Mar 31 06:16:52 mys_y6ulx kernel: fec 2188000.ethernet eth0: registered PHC device 0
Mar 31 06:16:52 mys_y6ulx kernel: PPP generic driver version 2.4.2
Mar 31 06:16:52 mys_y6ulx kernel: PPP BSD Compression module registered
Mar 31 06:16:52 mys_y6ulx kernel: PPP Deflate Compression module registered
Mar 31 06:16:52 mys_y6ulx kernel: PPP MPPE Compression module registered
Mar 31 06:16:52 mys_y6ulx kernel: NET: Registered protocol family 24
Mar 31 06:16:52 mys_y6ulx kernel: SLIP: version 0.8.4-NET3.019-NEWTTY (dynamic channels, max=256) (6 bit encapsulation enabled).
Mar 31 06:16:52 mys_y6ulx kernel: CSLIP: code copyright 1989 Regents of the University of California.
Mar 31 06:16:52 mys_y6ulx kernel: SLIP linefill/keepalive option.
Mar 31 06:16:52 mys_y6ulx kernel: ehci_hcd: USB 2.0 'Enhanced' Host Controller (EHCI) Driver
Mar 31 06:16:52 mys_y6ulx kernel: ehci-mxc: Freescale On-Chip EHCI Host driver
Mar 31 06:16:52 mys_y6ulx kernel: usbcore: registered new interface driver usb-storage
Mar 31 06:16:52 mys_y6ulx kernel: usbcore: registered new interface driver usb_ehset_test
Mar 31 06:16:52 mys_y6ulx kernel: 2184800.usbmisc supply vbus-wakeup not found, using dummy regulator
Mar 31 06:16:52 mys_y6ulx kernel: 2184200.usb supply vbus not found, using dummy regulator
Mar 31 06:16:52 mys_y6ulx kernel: ci_hdrc ci_hdrc.1: EHCI Host Controller
Mar 31 06:16:52 mys_y6ulx kernel: ci_hdrc ci_hdrc.1: new USB bus registered, assigned bus number 1
Mar 31 06:16:52 mys_y6ulx kernel: ci_hdrc ci_hdrc.1: USB 2.0 started, EHCI 1.00
Mar 31 06:16:52 mys_y6ulx kernel: hub 1-0:1.0: USB hub found
Mar 31 06:16:52 mys_y6ulx kernel: hub 1-0:1.0: 1 port detected
Mar 31 06:16:52 mys_y6ulx kernel: mousedev: PS/2 mouse device common for all mice
Mar 31 06:16:52 mys_y6ulx kernel: input: 20cc000.snvs:snvs-powerkey as /devices/platform/soc/2000000.aips-bus/20cc000.snvs/20cc000.snvs:snvs-powerkey/input/input0
Mar 31 06:16:52 mys_y6ulx kernel: tp reset gpio=131
Mar 31 06:16:52 mys_y6ulx kernel: msg ft5x0x_i2c_rxdata i2c read error: -5
Mar 31 06:16:52 mys_y6ulx kernel: ft5x0x read ID error!
Mar 31 06:16:52 mys_y6ulx kernel: ft5x06_ts: probe of 1-0038 failed with error 161
Mar 31 06:16:52 mys_y6ulx kernel: ft5x0x_ts_init successful
Mar 31 06:16:52 mys_y6ulx kernel: input: iMX6UL TouchScreen Controller as /devices/platform/soc/2000000.aips-bus/2040000.tsc/input/input1
Mar 31 06:16:52 mys_y6ulx kernel: snvs_rtc 20cc000.snvs:snvs-rtc-lp: rtc core: registered 20cc000.snvs:snvs-r as rtc0
Mar 31 06:16:52 mys_y6ulx kernel: i2c /dev entries driver
Mar 31 06:16:52 mys_y6ulx kernel: IR NEC protocol handler initialized
Mar 31 06:16:52 mys_y6ulx kernel: IR RC5(x/sz) protocol handler initialized
Mar 31 06:16:52 mys_y6ulx kernel: IR RC6 protocol handler initialized
Mar 31 06:16:52 mys_y6ulx kernel: IR JVC protocol handler initialized
Mar 31 06:16:52 mys_y6ulx kernel: IR Sony protocol handler initialized
Mar 31 06:16:52 mys_y6ulx kernel: IR SANYO protocol handler initialized
Mar 31 06:16:52 mys_y6ulx kernel: IR Sharp protocol handler initialized
Mar 31 06:16:52 mys_y6ulx kernel: IR MCE Keyboard/mouse protocol handler initialized
Mar 31 06:16:52 mys_y6ulx kernel: IR XMP protocol handler initialized
Mar 31 06:16:52 mys_y6ulx kernel: pxp-v4l2 pxp_v4l2: initialized
Mar 31 06:16:52 mys_y6ulx kernel: usbcore: registered new interface driver uvcvideo
Mar 31 06:16:52 mys_y6ulx kernel: USB Video Class driver (1.1.1)
Mar 31 06:16:52 mys_y6ulx kernel: imx2-wdt 20bc000.wdog: use WDOG_B to reboot.
Mar 31 06:16:52 mys_y6ulx kernel: imx2-wdt 20bc000.wdog: timeout 60 sec (nowayout=0)
Mar 31 06:16:52 mys_y6ulx kernel: Bluetooth: HCI UART driver ver 2.3
Mar 31 06:16:52 mys_y6ulx kernel: Bluetooth: HCI UART protocol H4 registered
Mar 31 06:16:52 mys_y6ulx kernel: Bluetooth: HCI UART protocol BCSP registered
Mar 31 06:16:52 mys_y6ulx kernel: Bluetooth: HCI UART protocol ATH3K registered
Mar 31 06:16:52 mys_y6ulx kernel: usbcore: registered new interface driver btusb
Mar 31 06:16:52 mys_y6ulx kernel: usbcore: registered new interface driver ath3k
Mar 31 06:16:52 mys_y6ulx kernel: sdhci: Secure Digital Host Controller Interface driver
Mar 31 06:16:52 mys_y6ulx kernel: sdhci: Copyright(c) Pierre Ossman
Mar 31 06:16:52 mys_y6ulx kernel: sdhci-pltfm: SDHCI platform and OF driver helper
Mar 31 06:16:52 mys_y6ulx kernel: /soc/aips-bus@02100000/usdhc@02190000: voltage-ranges unspecified
Mar 31 06:16:52 mys_y6ulx kernel: sdhci-esdhc-imx 2190000.usdhc: could not get ultra high speed state, work on normal mode
Mar 31 06:16:52 mys_y6ulx kernel: sdhci-esdhc-imx 2190000.usdhc: Got CD GPIO
Mar 31 06:16:52 mys_y6ulx kernel: sdhci-esdhc-imx 2190000.usdhc: No vmmc regulator found
Mar 31 06:16:52 mys_y6ulx kernel: sdhci-esdhc-imx 2190000.usdhc: No vqmmc regulator found
Mar 31 06:16:52 mys_y6ulx kernel: mmc0: SDHCI controller on 2190000.usdhc [2190000.usdhc] using ADMA
Mar 31 06:16:52 mys_y6ulx kernel: /soc/aips-bus@02100000/usdhc@02194000: voltage-ranges unspecified
Mar 31 06:16:52 mys_y6ulx kernel: sdhci-esdhc-imx 2194000.usdhc: No vmmc regulator found
Mar 31 06:16:52 mys_y6ulx kernel: sdhci-esdhc-imx 2194000.usdhc: No vqmmc regulator found
Mar 31 06:16:52 mys_y6ulx kernel: usb 1-1: new high-speed USB device number 2 using ci_hdrc
Mar 31 06:16:52 mys_y6ulx kernel: mmc0: host does not support reading read-only switch, assuming write-enable
Mar 31 06:16:52 mys_y6ulx kernel: mmc1: SDHCI controller on 2194000.usdhc [2194000.usdhc] using ADMA
Mar 31 06:16:52 mys_y6ulx kernel: mmc0: new high speed SDHC card at address aaaa
Mar 31 06:16:52 mys_y6ulx kernel: mmcblk0: mmc0:aaaa SS16G 14.8 GiB 
Mar 31 06:16:52 mys_y6ulx kernel: usbcore: registered new interface driver usbhid
Mar 31 06:16:52 mys_y6ulx kernel: mmcblk0: p1 p2
Mar 31 06:16:52 mys_y6ulx kernel: usbhid: USB HID core driver
Mar 31 06:16:52 mys_y6ulx kernel: usbcore: registered new interface driver snd-usb-audio
Mar 31 06:16:52 mys_y6ulx kernel: fsl-asrc 2034000.asrc: driver registered
Mar 31 06:16:52 mys_y6ulx kernel: NET: Registered protocol family 26
Mar 31 06:16:52 mys_y6ulx kernel: NET: Registered protocol family 10
Mar 31 06:16:52 mys_y6ulx kernel: sit: IPv6 over IPv4 tunneling driver
Mar 31 06:16:52 mys_y6ulx kernel: NET: Registered protocol family 17
Mar 31 06:16:52 mys_y6ulx kernel: can: controller area network core (rev 20120528 abi 9)
Mar 31 06:16:52 mys_y6ulx kernel: NET: Registered protocol family 29
Mar 31 06:16:52 mys_y6ulx kernel: can: raw protocol (rev 20120528)
Mar 31 06:16:52 mys_y6ulx kernel: can: broadcast manager protocol (rev 20120528 t)
Mar 31 06:16:52 mys_y6ulx kernel: can: netlink gateway (rev 20130117) max_hops=1
Mar 31 06:16:52 mys_y6ulx kernel: hub 1-1:1.0: USB hub found
Mar 31 06:16:52 mys_y6ulx kernel: hub 1-1:1.0: 2 ports detected
Mar 31 06:16:52 mys_y6ulx kernel: Bluetooth: RFCOMM TTY layer initialized
Mar 31 06:16:52 mys_y6ulx kernel: Bluetooth: RFCOMM socket layer initialized
Mar 31 06:16:52 mys_y6ulx kernel: Bluetooth: RFCOMM ver 1.11
Mar 31 06:16:52 mys_y6ulx kernel: Bluetooth: BNEP (Ethernet Emulation) ver 1.3
Mar 31 06:16:52 mys_y6ulx kernel: Bluetooth: BNEP filters: protocol multicast
Mar 31 06:16:52 mys_y6ulx kernel: Bluetooth: BNEP socket layer initialized
Mar 31 06:16:52 mys_y6ulx kernel: Bluetooth: HIDP (Human Interface Emulation) ver 1.2
Mar 31 06:16:52 mys_y6ulx kernel: Bluetooth: HIDP socket layer initialized
Mar 31 06:16:52 mys_y6ulx kernel: 8021q: 802.1Q VLAN Support v1.8
Mar 31 06:16:52 mys_y6ulx kernel: Key type dns_resolver registered
Mar 31 06:16:52 mys_y6ulx kernel: cpu cpu0: dev_pm_opp_get_opp_count: device OPP not found (-19)
Mar 31 06:16:52 mys_y6ulx kernel: dhd_module_init in
Mar 31 06:16:52 mys_y6ulx kernel: input: gpio-keys as /devices/platform/gpio-keys/input/input2
Mar 31 06:16:52 mys_y6ulx kernel: snvs_rtc 20cc000.snvs:snvs-rtc-lp: setting system clock to 2019-03-31 06:16:37 UTC (1554012997)
Mar 31 06:16:52 mys_y6ulx kernel: fec 2188000.ethernet eth0: Freescale FEC PHY driver [Generic PHY] (mii_bus:phy_addr=2188000.ethernet:00, irq=-1)
Mar 31 06:16:52 mys_y6ulx kernel: IPv6: ADDRCONF(NETDEV_UP): eth0: link is not ready
Mar 31 06:16:52 mys_y6ulx kernel: usb 1-1.1: new high-speed USB device number 3 using ci_hdrc
Mar 31 06:16:52 mys_y6ulx kernel: fec 2188000.ethernet eth0: Link is Up - 100Mbps/Full - flow control off
Mar 31 06:16:52 mys_y6ulx kernel: IPv6: ADDRCONF(NETDEV_CHANGE): eth0: link becomes ready
Mar 31 06:16:52 mys_y6ulx kernel: IP-Config: Complete:
Mar 31 06:16:52 mys_y6ulx kernel:     device=eth0, hwaddr=22:17:b3:6b:e7:3c, ipaddr=192.168.50.100, mask=255.255.255.0, gw=192.168.50.1
Mar 31 06:16:52 mys_y6ulx kernel:     host=192.168.50.100, domain=, nis-domain=(none)
Mar 31 06:16:52 mys_y6ulx kernel:     bootserver=192.168.50.21, rootserver=192.168.50.21, rootpath=
Mar 31 06:16:52 mys_y6ulx kernel: gpio_dvfs: disabling
Mar 31 06:16:52 mys_y6ulx kernel: VSD_3V3: disabling
Mar 31 06:16:52 mys_y6ulx kernel: can-3v3: disabling
Mar 31 06:16:52 mys_y6ulx kernel: ALSA device list:
Mar 31 06:16:52 mys_y6ulx kernel:  No soundcards found.
Mar 31 06:16:52 mys_y6ulx kernel: VFS: Mounted root (nfs filesystem) on device 0:14.
Mar 31 06:16:52 mys_y6ulx kernel: devtmpfs: mounted
Mar 31 06:16:52 mys_y6ulx kernel: Freeing unused kernel memory: 432K (80b3a000 - 80ba6000)
Mar 31 06:16:52 mys_y6ulx kernel: random: systemd urandom read with 85 bits of entropy available
Mar 31 06:16:52 mys_y6ulx kernel: random: nonblocking pool is initialized
Mar 31 06:16:52 mys_y6ulx systemd[1]: Starting Flush Journal to Persistent Storage...
Mar 31 06:16:52 mys_y6ulx systemd[1]: Started udev Kernel Device Manager.
Mar 31 06:16:52 mys_y6ulx systemd[1]: Started Flush Journal to Persistent Storage.
Mar 31 06:16:52 mys_y6ulx systemd[1]: Starting Create Volatile Files and Directories...
Mar 31 06:16:52 mys_y6ulx systemd[1]: Started Create Volatile Files and Directories.
Mar 31 06:16:52 mys_y6ulx systemd[1]: Starting Network Time Synchronization...
Mar 31 06:16:52 mys_y6ulx systemd[1]: Starting Update UTMP about System Boot/Shutdown...
Mar 31 06:16:52 mys_y6ulx systemd[1]: Started Update UTMP about System Boot/Shutdown.
Mar 31 06:16:52 mys_y6ulx systemd[1]: Started Raise network interfaces.
Mar 31 06:16:52 mys_y6ulx systemd[1]: Reached target Network.
Mar 31 06:16:52 mys_y6ulx systemd[1]: Started Network Time Synchronization.
Mar 31 06:16:52 mys_y6ulx systemd[1]: Reached target System Time Synchronized.
Mar 31 06:16:52 mys_y6ulx systemd-udevd[166]: could not open moddep file '/lib/modules/4.1.15+/modules.dep.bin'
Mar 31 06:16:52 mys_y6ulx systemd-udevd[165]: Failed to apply ACL on /dev/dri/card0: Operation not supported
Mar 31 06:16:52 mys_y6ulx systemd-udevd[167]: Failed to apply ACL on /dev/video0: Operation not supported
Mar 31 06:16:52 mys_y6ulx systemd[1]: Created slice system-systemd\x2dbacklight.slice.
Mar 31 06:16:52 mys_y6ulx systemd[1]: Starting Load/Save Screen Backlight Brightness of backlight:backlight...
Mar 31 06:16:52 mys_y6ulx systemd[1]: Started udev Coldplug all Devices.
Mar 31 06:16:52 mys_y6ulx systemd[1]: Found device /dev/ttymxc0.
Mar 31 06:16:52 mys_y6ulx systemd[1]: Started Load/Save Screen Backlight Brightness of backlight:backlight.
Mar 31 06:16:52 mys_y6ulx systemd[1]: Reached target System Initialization.
Mar 31 06:16:52 mys_y6ulx systemd[1]: apt-daily.timer: Adding 6h 40min 397.303ms random time.
Mar 31 06:16:52 mys_y6ulx systemd[1]: Started Daily apt download activities.
Mar 31 06:16:52 mys_y6ulx systemd[1]: apt-daily-upgrade.timer: Adding 36min 36.208743s random time.
Mar 31 06:16:52 mys_y6ulx systemd[1]: Started Daily apt upgrade and clean activities.
Mar 31 06:16:52 mys_y6ulx systemd[1]: Started Daily Cleanup of Temporary Directories.
Mar 31 06:16:52 mys_y6ulx systemd[1]: Reached target Timers.
Mar 31 06:16:52 mys_y6ulx systemd[1]: Reached target Basic System.
Mar 31 06:16:52 mys_y6ulx systemd[1]: Started Regular background program processing daemon.
Mar 31 06:16:52 mys_y6ulx systemd[1]: Starting System Logging Service...
Mar 31 06:16:52 mys_y6ulx systemd[1]: Starting getty on tty2-tty6 if dbus and logind are not available...
Mar 31 06:16:52 mys_y6ulx systemd[1]: Starting Permit User Sessions...
Mar 31 06:16:52 mys_y6ulx cron[181]: (CRON) INFO (pidfile fd = 3)
Mar 31 06:16:52 mys_y6ulx cron[181]: (CRON) INFO (Running @reboot jobs)
Mar 31 06:16:52 mys_y6ulx systemd[1]: Started Permit User Sessions.
Mar 31 06:16:52 mys_y6ulx liblogging-stdlog:  [origin software="rsyslogd" swVersion="8.24.0" x-pid="182" x-info="http://www.rsyslog.com"] start
Mar 31 06:16:52 mys_y6ulx systemd[1]: Started System Logging Service.
Mar 31 06:16:52 mys_y6ulx systemd-udevd[175]: Failed to apply ACL on /dev/snd/timer: Operation not supported
Mar 31 06:16:53 mys_y6ulx systemd[1]: Started getty on tty2-tty6 if dbus and logind are not available.
Mar 31 06:16:53 mys_y6ulx systemd[1]: Started Getty on tty6.
Mar 31 06:16:53 mys_y6ulx systemd[1]: Started Getty on tty5.
Mar 31 06:16:53 mys_y6ulx systemd[1]: Started Getty on tty4.
Mar 31 06:16:53 mys_y6ulx systemd[1]: Started Getty on tty3.
Mar 31 06:16:53 mys_y6ulx systemd[1]: Started Getty on tty2.
Mar 31 06:16:53 mys_y6ulx systemd[1]: Started Serial Getty on ttymxc0.
Mar 31 06:16:53 mys_y6ulx systemd[1]: Started Getty on tty1.
Mar 31 06:16:53 mys_y6ulx systemd[1]: Reached target Login Prompts.
Mar 31 06:16:53 mys_y6ulx systemd[1]: Reached target Multi-User System.
Mar 31 06:16:53 mys_y6ulx systemd[1]: Reached target Graphical Interface.
Mar 31 06:16:53 mys_y6ulx systemd[1]: Starting Update UTMP about System Runlevel Changes...
Mar 31 06:16:53 mys_y6ulx systemd[1]: Started Update UTMP about System Runlevel Changes.
Mar 31 06:16:53 mys_y6ulx systemd[1]: Startup finished in 10.606s (kernel) + 7.564s (userspace) = 18.170s.
Mar 31 06:17:02 mys_y6ulx CRON[255]: (root) CMD (   cd / && run-parts --report /etc/cron.hourly)
Mar 31 06:25:01 mys_y6ulx CRON[281]: (root) CMD (test -x /usr/sbin/anacron || ( cd / && run-parts --report /etc/cron.daily ))
Mar 31 06:31:58 mys_y6ulx systemd[1]: Starting Cleanup of Temporary Directories...
Mar 31 06:31:58 mys_y6ulx systemd[1]: Started Cleanup of Temporary Directories.
Mar 31 06:47:01 mys_y6ulx CRON[362]: (root) CMD (test -x /usr/sbin/anacron || ( cd / && run-parts --report /etc/cron.weekly ))
Mar 31 07:17:01 mys_y6ulx CRON[382]: (root) CMD (   cd / && run-parts --report /etc/cron.hourly)
Mar 31 08:17:01 mys_y6ulx CRON[408]: (root) CMD (   cd / && run-parts --report /etc/cron.hourly)
Mar 31 09:17:02 mys_y6ulx CRON[445]: (root) CMD (   cd / && run-parts --report /etc/cron.hourly)
Mar 31 09:20:20 7060 systemd[1]: Started Apply Kernel Variables.
Mar 31 09:20:20 7060 systemd[1]: Started Load/Save Random Seed.
Mar 31 09:20:20 7060 systemd[1]: Starting Raise network interfaces...
Mar 31 09:20:20 7060 systemd[1]: Starting Flush Journal to Persistent Storage...
Mar 31 09:20:20 7060 systemd[1]: Started udev Kernel Device Manager.
Mar 31 09:20:20 7060 systemd[1]: Started Flush Journal to Persistent Storage.
Mar 31 09:20:20 7060 systemd[1]: Starting Create Volatile Files and Directories...
Mar 31 09:20:20 7060 systemd[1]: Started Create Volatile Files and Directories.
Mar 31 09:20:20 7060 systemd[1]: Starting Network Time Synchronization...
Mar 31 09:20:20 7060 systemd[1]: Starting Update UTMP about System Boot/Shutdown...
Mar 31 09:20:20 7060 systemd[1]: Started Update UTMP about System Boot/Shutdown.
Mar 31 09:20:20 7060 systemd[1]: Started Raise network interfaces.
Mar 31 09:20:20 7060 systemd[1]: Reached target Network.
Mar 31 09:20:20 7060 systemd[1]: Started Network Time Synchronization.
Mar 31 09:20:20 7060 systemd[1]: Reached target System Time Synchronized.
Mar 31 09:20:20 7060 systemd-udevd[176]: could not open moddep file '/lib/modules/4.1.15+/modules.dep.bin'
Mar 31 09:20:20 7060 systemd-udevd[180]: Failed to apply ACL on /dev/dri/card0: Operation not supported
Mar 31 09:20:20 7060 systemd-udevd[182]: Failed to apply ACL on /dev/video0: Operation not supported
Mar 31 09:20:20 7060 systemd[1]: Started udev Coldplug all Devices.
Mar 31 09:20:20 7060 systemd[1]: Created slice system-systemd\x2dbacklight.slice.
Mar 31 09:20:20 7060 systemd[1]: Starting Load/Save Screen Backlight Brightness of backlight:backlight...
Mar 31 09:20:20 7060 systemd[1]: Found device /dev/ttymxc0.
Mar 31 09:20:20 7060 systemd[1]: Started Load/Save Screen Backlight Brightness of backlight:backlight.
Mar 31 09:20:20 7060 systemd[1]: Reached target System Initialization.
Mar 31 09:20:20 7060 systemd[1]: Started Daily Cleanup of Temporary Directories.
Mar 31 09:20:20 7060 systemd[1]: apt-daily.timer: Adding 2h 49min 26.530106s random time.
Mar 31 09:20:20 7060 systemd[1]: Started Daily apt download activities.
Mar 31 09:20:20 7060 systemd[1]: apt-daily-upgrade.timer: Adding 36min 53.835664s random time.
Mar 31 09:20:20 7060 systemd[1]: Started Daily apt upgrade and clean activities.
Mar 31 09:20:20 7060 systemd[1]: Reached target Timers.
Mar 31 09:20:20 7060 systemd[1]: Reached target Basic System.
Mar 31 09:20:20 7060 systemd[1]: Starting System Logging Service...
Mar 31 09:20:20 7060 systemd[1]: Started Regular background program processing daemon.
Mar 31 09:20:20 7060 systemd[1]: Starting Permit User Sessions...
Mar 31 09:20:20 7060 systemd[1]: Starting getty on tty2-tty6 if dbus and logind are not available...
Mar 31 09:20:20 7060 cron[192]: (CRON) INFO (pidfile fd = 3)
Mar 31 09:20:20 7060 cron[192]: (CRON) INFO (Running @reboot jobs)
Mar 31 09:20:20 7060 systemd[1]: Started Permit User Sessions.
Mar 31 09:20:20 7060 systemd[1]: Started Getty on tty1.
Mar 31 09:20:20 7060 systemd[1]: Started Serial Getty on ttymxc0.
Mar 31 09:20:20 7060 liblogging-stdlog:  [origin software="rsyslogd" swVersion="8.24.0" x-pid="191" x-info="http://www.rsyslog.com"] start
Mar 31 09:20:20 7060 kernel: Booting Linux on physical CPU 0x0
Mar 31 09:20:20 7060 kernel: Linux version 4.1.15+ (robe@7060) (gcc version 6.3.1 20170109 (Linaro GCC 6.3-2017.02) ) #2 SMP PREEMPT Sun Mar 31 14:02:17 CST 2019
Mar 31 09:20:20 7060 kernel: CPU: ARMv7 Processor [410fc075] revision 5 (ARMv7), cr=10c53c7d
Mar 31 09:20:20 7060 kernel: CPU: PIPT / VIPT nonaliasing data cache, VIPT aliasing instruction cache
Mar 31 09:20:20 7060 kernel: Machine model: Freescale i.MX6 ULL 14x14 EVK Board
Mar 31 09:20:20 7060 kernel: Reserved memory: failed to allocate memory for node 'linux,cma'
Mar 31 09:20:20 7060 kernel: Memory policy: Data cache writealloc
Mar 31 09:20:20 7060 kernel: On node 0 totalpages: 65536
Mar 31 09:20:20 7060 kernel: free_area_init_node: node 0, pgdat 80c12c00, node_mem_map 8fdf7000
Mar 31 09:20:20 7060 kernel:  Normal zone: 512 pages used for memmap
Mar 31 09:20:20 7060 kernel:  Normal zone: 0 pages reserved
Mar 31 09:20:20 7060 kernel:  Normal zone: 65536 pages, LIFO batch:15
Mar 31 09:20:20 7060 kernel: PERCPU: Embedded 12 pages/cpu @8fdd4000 s16908 r8192 d24052 u49152
Mar 31 09:20:20 7060 kernel: pcpu-alloc: s16908 r8192 d24052 u49152 alloc=12*4096
Mar 31 09:20:20 7060 kernel: pcpu-alloc: [0] 0 
Mar 31 09:20:20 7060 kernel: Built 1 zonelists in Zone order, mobility grouping on.  Total pages: 65024
Mar 31 09:20:20 7060 kernel: Kernel command line: console=ttymxc0,115200 root=/dev/nfs rw nfsroot=192.168.50.21:/datadisk/dev_mys_y6ulx/nfs_rootfs ip=192.168.50.100:192.168.50.21:192.168.50.1:255.255.255.0::eth0:off
Mar 31 09:20:20 7060 kernel: PID hash table entries: 1024 (order: 0, 4096 bytes)
Mar 31 09:20:20 7060 kernel: Dentry cache hash table entries: 32768 (order: 5, 131072 bytes)
Mar 31 09:20:20 7060 kernel: Inode-cache hash table entries: 16384 (order: 4, 65536 bytes)
Mar 31 09:20:20 7060 kernel: Memory: 246880K/262144K available (8516K kernel code, 439K rwdata, 2944K rodata, 432K init, 450K bss, 15264K reserved, 0K cma-reserved, 0K highmem)
Mar 31 09:20:20 7060 kernel: Virtual kernel memory layout:
Mar 31 09:20:20 7060 kernel:    vector  : 0xffff0000 - 0xffff1000   (   4 kB)
Mar 31 09:20:20 7060 kernel:    fixmap  : 0xffc00000 - 0xfff00000   (3072 kB)
Mar 31 09:20:20 7060 kernel:    vmalloc : 0x90800000 - 0xff000000   (1768 MB)
Mar 31 09:20:20 7060 kernel:    lowmem  : 0x80000000 - 0x90000000   ( 256 MB)
Mar 31 09:20:20 7060 kernel:    pkmap   : 0x7fe00000 - 0x80000000   (   2 MB)
Mar 31 09:20:20 7060 kernel:    modules : 0x7f000000 - 0x7fe00000   (  14 MB)
Mar 31 09:20:20 7060 kernel:      .text : 0x80008000 - 0x80b393d4   (11461 kB)
Mar 31 09:20:20 7060 kernel:      .init : 0x80b3a000 - 0x80ba6000   ( 432 kB)
Mar 31 09:20:20 7060 kernel:      .data : 0x80ba6000 - 0x80c13de0   ( 440 kB)
Mar 31 09:20:20 7060 kernel:       .bss : 0x80c16000 - 0x80c86a40   ( 451 kB)
Mar 31 09:20:20 7060 kernel: SLUB: HWalign=64, Order=0-3, MinObjects=0, CPUs=1, Nodes=1
Mar 31 09:20:20 7060 kernel: Preemptible hierarchical RCU implementation.
Mar 31 09:20:20 7060 kernel: 	Additional per-CPU info printed with stalls.
Mar 31 09:20:20 7060 kernel: 	RCU restricting CPUs from NR_CPUS=4 to nr_cpu_ids=1.
Mar 31 09:20:20 7060 kernel: RCU: Adjusting geometry for rcu_fanout_leaf=16, nr_cpu_ids=1
Mar 31 09:20:20 7060 kernel: NR_IRQS:16 nr_irqs:16 16
Mar 31 09:20:20 7060 kernel: mxc_clocksource_init 24000000
Mar 31 09:20:20 7060 kernel: Switching to timer-based delay loop, resolution 41ns
Mar 31 09:20:20 7060 kernel: sched_clock: 32 bits at 24MHz, resolution 41ns, wraps every 89478484971ns
Mar 31 09:20:20 7060 kernel: clocksource mxc_timer1: mask: 0xffffffff max_cycles: 0xffffffff, max_idle_ns: 79635851949 ns
Mar 31 09:20:20 7060 kernel: Console: colour dummy device 80x30
Mar 31 09:20:20 7060 kernel: Calibrating delay loop (skipped), value calculated using timer frequency.. 48.00 BogoMIPS (lpj=240000)
Mar 31 09:20:20 7060 kernel: pid_max: default: 32768 minimum: 301
Mar 31 09:20:20 7060 kernel: Mount-cache hash table entries: 1024 (order: 0, 4096 bytes)
Mar 31 09:20:20 7060 kernel: Mountpoint-cache hash table entries: 1024 (order: 0, 4096 bytes)
Mar 31 09:20:20 7060 kernel: CPU: Testing write buffer coherency: ok
Mar 31 09:20:20 7060 kernel: /cpus/cpu@0 missing clock-frequency property
Mar 31 09:20:20 7060 kernel: CPU0: thread -1, cpu 0, socket 0, mpidr 80000000
Mar 31 09:20:20 7060 kernel: Setting up static identity map for 0x80008280 - 0x800082d8
Mar 31 09:20:20 7060 kernel: Brought up 1 CPUs
Mar 31 09:20:20 7060 kernel: SMP: Total of 1 processors activated (48.00 BogoMIPS).
Mar 31 09:20:20 7060 kernel: CPU: All CPU(s) started in SVC mode.
Mar 31 09:20:20 7060 kernel: devtmpfs: initialized
Mar 31 09:20:20 7060 kernel: device-tree: Duplicate name in lcdif@021c8000, renamed to "display#1"
Mar 31 09:20:20 7060 kernel: VFP support v0.3: implementor 41 architecture 2 part 30 variant 7 rev 5
Mar 31 09:20:20 7060 kernel: clocksource jiffies: mask: 0xffffffff max_cycles: 0xffffffff, max_idle_ns: 19112604462750000 ns
Mar 31 09:20:20 7060 kernel: pinctrl core: initialized pinctrl subsystem
Mar 31 09:20:20 7060 kernel: NET: Registered protocol family 16
Mar 31 09:20:20 7060 kernel: DMA: preallocated 256 KiB pool for atomic coherent allocations
Mar 31 09:20:20 7060 kernel: cpuidle: using governor ladder
Mar 31 09:20:20 7060 kernel: cpuidle: using governor menu
Mar 31 09:20:20 7060 kernel: hw-breakpoint: found 5 (+1 reserved) breakpoint and 4 watchpoint registers.
Mar 31 09:20:20 7060 kernel: hw-breakpoint: maximum watchpoint size is 8 bytes.
Mar 31 09:20:20 7060 kernel: imx6ul-pinctrl 20e0000.iomuxc: initialized IMX pinctrl driver
Mar 31 09:20:20 7060 kernel: imx6ul-pinctrl 2290000.iomuxc-snvs: initialized IMX pinctrl driver
Mar 31 09:20:20 7060 kernel: mxs-dma 1804000.dma-apbh: initialized
Mar 31 09:20:20 7060 kernel: SCSI subsystem initialized
Mar 31 09:20:20 7060 kernel: libata version 3.00 loaded.
Mar 31 09:20:20 7060 kernel: usbcore: registered new interface driver usbfs
Mar 31 09:20:20 7060 kernel: usbcore: registered new interface driver hub
Mar 31 09:20:20 7060 kernel: usbcore: registered new device driver usb
Mar 31 09:20:20 7060 kernel: i2c i2c-1: IMX I2C adapter registered
Mar 31 09:20:20 7060 kernel: i2c i2c-1: can't use DMA
Mar 31 09:20:20 7060 kernel: media: Linux media interface: v0.10
Mar 31 09:20:20 7060 kernel: Linux video capture interface: v2.00
Mar 31 09:20:20 7060 kernel: pps_core: LinuxPPS API ver. 1 registered
Mar 31 09:20:20 7060 kernel: pps_core: Software ver. 5.3.6 - Copyright 2005-2007 Rodolfo Giometti <giometti@linux.it>
Mar 31 09:20:20 7060 kernel: PTP clock support registered
Mar 31 09:20:20 7060 kernel: MIPI CSI2 driver module loaded
Mar 31 09:20:20 7060 kernel: Advanced Linux Sound Architecture Driver Initialized.
Mar 31 09:20:20 7060 kernel: Bluetooth: Core ver 2.20
Mar 31 09:20:20 7060 kernel: NET: Registered protocol family 31
Mar 31 09:20:20 7060 kernel: Bluetooth: HCI device and connection manager initialized
Mar 31 09:20:20 7060 kernel: Bluetooth: HCI socket layer initialized
Mar 31 09:20:20 7060 kernel: Bluetooth: L2CAP socket layer initialized
Mar 31 09:20:20 7060 kernel: Bluetooth: SCO socket layer initialized
Mar 31 09:20:20 7060 kernel: Switched to clocksource mxc_timer1
Mar 31 09:20:20 7060 kernel: NET: Registered protocol family 2
Mar 31 09:20:20 7060 kernel: TCP established hash table entries: 2048 (order: 1, 8192 bytes)
Mar 31 09:20:20 7060 kernel: TCP bind hash table entries: 2048 (order: 2, 16384 bytes)
Mar 31 09:20:20 7060 kernel: TCP: Hash tables configured (established 2048 bind 2048)
Mar 31 09:20:20 7060 kernel: UDP hash table entries: 256 (order: 1, 8192 bytes)
Mar 31 09:20:20 7060 kernel: UDP-Lite hash table entries: 256 (order: 1, 8192 bytes)
Mar 31 09:20:20 7060 kernel: NET: Registered protocol family 1
Mar 31 09:20:20 7060 kernel: RPC: Registered named UNIX socket transport module.
Mar 31 09:20:20 7060 kernel: RPC: Registered udp transport module.
Mar 31 09:20:20 7060 kernel: RPC: Registered tcp transport module.
Mar 31 09:20:20 7060 kernel: RPC: Registered tcp NFSv4.1 backchannel transport module.
Mar 31 09:20:20 7060 kernel: imx rpmsg driver is registered.
Mar 31 09:20:20 7060 kernel: Bus freq driver module loaded
Mar 31 09:20:20 7060 kernel: futex hash table entries: 256 (order: 2, 16384 bytes)
Mar 31 09:20:20 7060 kernel: VFS: Disk quotas dquot_6.6.0
Mar 31 09:20:20 7060 kernel: VFS: Dquot-cache hash table entries: 1024 (order 0, 4096 bytes)
Mar 31 09:20:20 7060 kernel: NFS: Registering the id_resolver key type
Mar 31 09:20:20 7060 kernel: Key type id_resolver registered
Mar 31 09:20:20 7060 kernel: Key type id_legacy registered
Mar 31 09:20:20 7060 kernel: jffs2: version 2.2. (NAND) © 2001-2006 Red Hat, Inc.
Mar 31 09:20:20 7060 kernel: fuse init (API version 7.23)
Mar 31 09:20:20 7060 kernel: io scheduler noop registered
Mar 31 09:20:20 7060 kernel: io scheduler deadline registered
Mar 31 09:20:20 7060 kernel: io scheduler cfq registered (default)
Mar 31 09:20:20 7060 kernel: imx-weim 21b8000.weim: Driver registered.
Mar 31 09:20:20 7060 kernel: backlight supply power not found, using dummy regulator
Mar 31 09:20:20 7060 kernel: MIPI DSI driver module loaded
Mar 31 09:20:20 7060 kernel: MIPI DSI driver module loaded
Mar 31 09:20:20 7060 kernel: 21c8000.lcdif supply lcd not found, using dummy regulator
Mar 31 09:20:20 7060 kernel: mxsfb 21c8000.lcdif: failed to find mxc display driver 
Mar 31 09:20:20 7060 kernel: Console: switching to colour frame buffer device 60x34
Mar 31 09:20:20 7060 kernel: mxsfb 21c8000.lcdif: initialized
Mar 31 09:20:20 7060 kernel: imx-sdma 20ec000.sdma: no event needs to be remapped
Mar 31 09:20:20 7060 kernel: imx-sdma 20ec000.sdma: loaded firmware 3.3
Mar 31 09:20:20 7060 kernel: imx-sdma 20ec000.sdma: initialized
Mar 31 09:20:20 7060 kernel: 2020000.serial: ttymxc0 at MMIO 0x2020000 (irq = 18, base_baud = 5000000) is a IMX
Mar 31 09:20:20 7060 kernel: console [ttymxc0] enabled
Mar 31 09:20:20 7060 kernel: imx-rng 2284000.rngb: iMX RNG Registered.
Mar 31 09:20:20 7060 kernel: imx sema4 driver is registered.
Mar 31 09:20:20 7060 kernel: [drm] Initialized drm 1.1.0 20060810
Mar 31 09:20:20 7060 kernel: [drm] Initialized vivante 1.0.0 20120216 on minor 0
Mar 31 09:20:20 7060 kernel: brd: module loaded
Mar 31 09:20:20 7060 kernel: loop: module loaded
Mar 31 09:20:20 7060 kernel: CAN device driver interface
Mar 31 09:20:20 7060 kernel: 2188000.ethernet supply phy not found, using dummy regulator
Mar 31 09:20:20 7060 kernel: pps pps0: new PPS source ptp0
Mar 31 09:20:20 7060 kernel: libphy: fec_enet_mii_bus: probed
Mar 31 09:20:20 7060 kernel: fec 2188000.ethernet eth0: registered PHC device 0
Mar 31 09:20:20 7060 kernel: PPP generic driver version 2.4.2
Mar 31 09:20:20 7060 kernel: PPP BSD Compression module registered
Mar 31 09:20:20 7060 kernel: PPP Deflate Compression module registered
Mar 31 09:20:20 7060 kernel: PPP MPPE Compression module registered
Mar 31 09:20:20 7060 kernel: NET: Registered protocol family 24
Mar 31 09:20:20 7060 kernel: SLIP: version 0.8.4-NET3.019-NEWTTY (dynamic channels, max=256) (6 bit encapsulation enabled).
Mar 31 09:20:20 7060 kernel: CSLIP: code copyright 1989 Regents of the University of California.
Mar 31 09:20:20 7060 kernel: SLIP linefill/keepalive option.
Mar 31 09:20:20 7060 kernel: ehci_hcd: USB 2.0 'Enhanced' Host Controller (EHCI) Driver
Mar 31 09:20:20 7060 kernel: ehci-mxc: Freescale On-Chip EHCI Host driver
Mar 31 09:20:20 7060 kernel: usbcore: registered new interface driver usb-storage
Mar 31 09:20:20 7060 kernel: usbcore: registered new interface driver usb_ehset_test
Mar 31 09:20:20 7060 kernel: 2184800.usbmisc supply vbus-wakeup not found, using dummy regulator
Mar 31 09:20:20 7060 kernel: 2184200.usb supply vbus not found, using dummy regulator
Mar 31 09:20:20 7060 kernel: ci_hdrc ci_hdrc.1: EHCI Host Controller
Mar 31 09:20:20 7060 kernel: ci_hdrc ci_hdrc.1: new USB bus registered, assigned bus number 1
Mar 31 09:20:20 7060 kernel: ci_hdrc ci_hdrc.1: USB 2.0 started, EHCI 1.00
Mar 31 09:20:20 7060 kernel: hub 1-0:1.0: USB hub found
Mar 31 09:20:20 7060 kernel: hub 1-0:1.0: 1 port detected
Mar 31 09:20:20 7060 kernel: mousedev: PS/2 mouse device common for all mice
Mar 31 09:20:20 7060 kernel: input: 20cc000.snvs:snvs-powerkey as /devices/platform/soc/2000000.aips-bus/20cc000.snvs/20cc000.snvs:snvs-powerkey/input/input0
Mar 31 09:20:20 7060 kernel: tp reset gpio=131
Mar 31 09:20:20 7060 kernel: msg ft5x0x_i2c_rxdata i2c read error: -5
Mar 31 09:20:20 7060 kernel: ft5x0x read ID error!
Mar 31 09:20:20 7060 kernel: ft5x06_ts: probe of 1-0038 failed with error 161
Mar 31 09:20:20 7060 kernel: ft5x0x_ts_init successful
Mar 31 09:20:20 7060 kernel: input: iMX6UL TouchScreen Controller as /devices/platform/soc/2000000.aips-bus/2040000.tsc/input/input1
Mar 31 09:20:20 7060 kernel: snvs_rtc 20cc000.snvs:snvs-rtc-lp: rtc core: registered 20cc000.snvs:snvs-r as rtc0
Mar 31 09:20:20 7060 kernel: i2c /dev entries driver
Mar 31 09:20:20 7060 kernel: IR NEC protocol handler initialized
Mar 31 09:20:20 7060 kernel: IR RC5(x/sz) protocol handler initialized
Mar 31 09:20:20 7060 kernel: IR RC6 protocol handler initialized
Mar 31 09:20:20 7060 kernel: IR JVC protocol handler initialized
Mar 31 09:20:20 7060 kernel: IR Sony protocol handler initialized
Mar 31 09:20:20 7060 kernel: IR SANYO protocol handler initialized
Mar 31 09:20:20 7060 kernel: IR Sharp protocol handler initialized
Mar 31 09:20:20 7060 kernel: IR MCE Keyboard/mouse protocol handler initialized
Mar 31 09:20:20 7060 kernel: IR XMP protocol handler initialized
Mar 31 09:20:20 7060 kernel: pxp-v4l2 pxp_v4l2: initialized
Mar 31 09:20:20 7060 kernel: usbcore: registered new interface driver uvcvideo
Mar 31 09:20:20 7060 kernel: USB Video Class driver (1.1.1)
Mar 31 09:20:20 7060 kernel: imx2-wdt 20bc000.wdog: use WDOG_B to reboot.
Mar 31 09:20:20 7060 kernel: imx2-wdt 20bc000.wdog: timeout 60 sec (nowayout=0)
Mar 31 09:20:20 7060 kernel: Bluetooth: HCI UART driver ver 2.3
Mar 31 09:20:20 7060 kernel: Bluetooth: HCI UART protocol H4 registered
Mar 31 09:20:20 7060 kernel: Bluetooth: HCI UART protocol BCSP registered
Mar 31 09:20:20 7060 kernel: Bluetooth: HCI UART protocol ATH3K registered
Mar 31 09:20:20 7060 kernel: usbcore: registered new interface driver btusb
Mar 31 09:20:20 7060 kernel: usbcore: registered new interface driver ath3k
Mar 31 09:20:20 7060 kernel: sdhci: Secure Digital Host Controller Interface driver
Mar 31 09:20:20 7060 kernel: sdhci: Copyright(c) Pierre Ossman
Mar 31 09:20:20 7060 kernel: sdhci-pltfm: SDHCI platform and OF driver helper
Mar 31 09:20:20 7060 kernel: /soc/aips-bus@02100000/usdhc@02190000: voltage-ranges unspecified
Mar 31 09:20:20 7060 kernel: sdhci-esdhc-imx 2190000.usdhc: could not get ultra high speed state, work on normal mode
Mar 31 09:20:20 7060 kernel: sdhci-esdhc-imx 2190000.usdhc: Got CD GPIO
Mar 31 09:20:20 7060 kernel: sdhci-esdhc-imx 2190000.usdhc: No vmmc regulator found
Mar 31 09:20:20 7060 kernel: sdhci-esdhc-imx 2190000.usdhc: No vqmmc regulator found
Mar 31 09:20:20 7060 kernel: mmc0: SDHCI controller on 2190000.usdhc [2190000.usdhc] using ADMA
Mar 31 09:20:20 7060 kernel: /soc/aips-bus@02100000/usdhc@02194000: voltage-ranges unspecified
Mar 31 09:20:20 7060 kernel: sdhci-esdhc-imx 2194000.usdhc: No vmmc regulator found
Mar 31 09:20:20 7060 kernel: sdhci-esdhc-imx 2194000.usdhc: No vqmmc regulator found
Mar 31 09:20:20 7060 kernel: usb 1-1: new high-speed USB device number 2 using ci_hdrc
Mar 31 09:20:20 7060 kernel: mmc0: host does not support reading read-only switch, assuming write-enable
Mar 31 09:20:20 7060 kernel: mmc1: SDHCI controller on 2194000.usdhc [2194000.usdhc] using ADMA
Mar 31 09:20:20 7060 kernel: mmc0: new high speed SDHC card at address aaaa
Mar 31 09:20:20 7060 kernel: mmcblk0: mmc0:aaaa SS16G 14.8 GiB 
Mar 31 09:20:20 7060 kernel: usbcore: registered new interface driver usbhid
Mar 31 09:20:20 7060 kernel: mmcblk0: p1 p2
Mar 31 09:20:20 7060 kernel: usbhid: USB HID core driver
Mar 31 09:20:20 7060 kernel: usbcore: registered new interface driver snd-usb-audio
Mar 31 09:20:20 7060 kernel: fsl-asrc 2034000.asrc: driver registered
Mar 31 09:20:20 7060 kernel: NET: Registered protocol family 26
Mar 31 09:20:20 7060 kernel: NET: Registered protocol family 10
Mar 31 09:20:20 7060 kernel: sit: IPv6 over IPv4 tunneling driver
Mar 31 09:20:20 7060 kernel: NET: Registered protocol family 17
Mar 31 09:20:20 7060 kernel: can: controller area network core (rev 20120528 abi 9)
Mar 31 09:20:20 7060 kernel: NET: Registered protocol family 29
Mar 31 09:20:20 7060 kernel: can: raw protocol (rev 20120528)
Mar 31 09:20:20 7060 kernel: can: broadcast manager protocol (rev 20120528 t)
Mar 31 09:20:20 7060 kernel: can: netlink gateway (rev 20130117) max_hops=1
Mar 31 09:20:20 7060 kernel: hub 1-1:1.0: USB hub found
Mar 31 09:20:20 7060 kernel: hub 1-1:1.0: 2 ports detected
Mar 31 09:20:20 7060 kernel: Bluetooth: RFCOMM TTY layer initialized
Mar 31 09:20:20 7060 kernel: Bluetooth: RFCOMM socket layer initialized
Mar 31 09:20:20 7060 kernel: Bluetooth: RFCOMM ver 1.11
Mar 31 09:20:20 7060 kernel: Bluetooth: BNEP (Ethernet Emulation) ver 1.3
Mar 31 09:20:20 7060 kernel: Bluetooth: BNEP filters: protocol multicast
Mar 31 09:20:20 7060 kernel: Bluetooth: BNEP socket layer initialized
Mar 31 09:20:20 7060 kernel: Bluetooth: HIDP (Human Interface Emulation) ver 1.2
Mar 31 09:20:20 7060 kernel: Bluetooth: HIDP socket layer initialized
Mar 31 09:20:20 7060 kernel: 8021q: 802.1Q VLAN Support v1.8
Mar 31 09:20:20 7060 kernel: Key type dns_resolver registered
Mar 31 09:20:20 7060 kernel: cpu cpu0: dev_pm_opp_get_opp_count: device OPP not found (-19)
Mar 31 09:20:20 7060 kernel: dhd_module_init in
Mar 31 09:20:20 7060 kernel: input: gpio-keys as /devices/platform/gpio-keys/input/input2
Mar 31 09:20:20 7060 kernel: snvs_rtc 20cc000.snvs:snvs-rtc-lp: setting system clock to 2019-03-31 09:20:05 UTC (1554024005)
Mar 31 09:20:20 7060 kernel: fec 2188000.ethernet eth0: Freescale FEC PHY driver [Generic PHY] (mii_bus:phy_addr=2188000.ethernet:00, irq=-1)
Mar 31 09:20:20 7060 kernel: IPv6: ADDRCONF(NETDEV_UP): eth0: link is not ready
Mar 31 09:20:20 7060 kernel: usb 1-1.1: new high-speed USB device number 3 using ci_hdrc
Mar 31 09:20:20 7060 kernel: fec 2188000.ethernet eth0: Link is Up - 100Mbps/Full - flow control off
Mar 31 09:20:20 7060 kernel: IPv6: ADDRCONF(NETDEV_CHANGE): eth0: link becomes ready
Mar 31 09:20:20 7060 kernel: IP-Config: Complete:
Mar 31 09:20:20 7060 kernel:     device=eth0, hwaddr=22:17:b3:6b:e7:3c, ipaddr=192.168.50.100, mask=255.255.255.0, gw=192.168.50.1
Mar 31 09:20:20 7060 kernel:     host=192.168.50.100, domain=, nis-domain=(none)
Mar 31 09:20:20 7060 kernel:     bootserver=192.168.50.21, rootserver=192.168.50.21, rootpath=
Mar 31 09:20:20 7060 kernel: gpio_dvfs: disabling
Mar 31 09:20:20 7060 kernel: VSD_3V3: disabling
Mar 31 09:20:20 7060 kernel: can-3v3: disabling
Mar 31 09:20:20 7060 kernel: ALSA device list:
Mar 31 09:20:20 7060 kernel:  No soundcards found.
Mar 31 09:20:20 7060 kernel: VFS: Mounted root (nfs filesystem) on device 0:14.
Mar 31 09:20:20 7060 kernel: devtmpfs: mounted
Mar 31 09:20:20 7060 kernel: Freeing unused kernel memory: 432K (80b3a000 - 80ba6000)
Mar 31 09:20:20 7060 kernel: random: systemd urandom read with 86 bits of entropy available
Mar 31 09:20:20 7060 kernel: random: nonblocking pool is initialized
Mar 31 09:20:20 7060 systemd[1]: Started System Logging Service.
Mar 31 09:20:20 7060 systemd-udevd[180]: Failed to apply ACL on /dev/snd/timer: Operation not supported
Mar 31 09:20:21 7060 systemd[1]: Started getty on tty2-tty6 if dbus and logind are not available.
Mar 31 09:20:21 7060 systemd[1]: Started Getty on tty6.
Mar 31 09:20:21 7060 systemd[1]: Started Getty on tty5.
Mar 31 09:20:21 7060 systemd[1]: Started Getty on tty4.
Mar 31 09:20:21 7060 systemd[1]: Started Getty on tty3.
Mar 31 09:20:21 7060 systemd[1]: Started Getty on tty2.
Mar 31 09:20:21 7060 systemd[1]: Reached target Login Prompts.
Mar 31 09:20:21 7060 systemd[1]: Reached target Multi-User System.
Mar 31 09:20:21 7060 systemd[1]: Reached target Graphical Interface.
Mar 31 09:20:21 7060 systemd[1]: Starting Update UTMP about System Runlevel Changes...
Mar 31 09:20:21 7060 systemd[1]: Started Update UTMP about System Runlevel Changes.
Mar 31 09:20:21 7060 systemd[1]: Startup finished in 10.601s (kernel) + 7.568s (userspace) = 18.170s.
Mar 31 09:27:33 7060 systemd[1]: Started udev Kernel Device Manager.
Mar 31 09:27:33 7060 systemd[1]: Starting Flush Journal to Persistent Storage...
Mar 31 09:27:33 7060 systemd[1]: Started Flush Journal to Persistent Storage.
Mar 31 09:27:33 7060 systemd[1]: Starting Create Volatile Files and Directories...
Mar 31 09:27:33 7060 systemd[1]: Started Create Volatile Files and Directories.
Mar 31 09:27:33 7060 systemd[1]: Starting Network Time Synchronization...
Mar 31 09:27:33 7060 systemd[1]: Starting Update UTMP about System Boot/Shutdown...
Mar 31 09:27:33 7060 systemd[1]: Started Update UTMP about System Boot/Shutdown.
Mar 31 09:27:33 7060 systemd[1]: Started Raise network interfaces.
Mar 31 09:27:33 7060 systemd[1]: Reached target Network.
Mar 31 09:27:33 7060 systemd[1]: Started Network Time Synchronization.
Mar 31 09:27:33 7060 systemd[1]: Reached target System Time Synchronized.
Mar 31 09:27:33 7060 systemd-udevd[173]: Failed to apply ACL on /dev/dri/card0: Operation not supported
Mar 31 09:27:33 7060 systemd-udevd[175]: Failed to apply ACL on /dev/video0: Operation not supported
Mar 31 09:27:33 7060 systemd[1]: Created slice system-systemd\x2dbacklight.slice.
Mar 31 09:27:33 7060 systemd[1]: Starting Load/Save Screen Backlight Brightness of backlight:backlight...
Mar 31 09:27:33 7060 systemd[1]: Started udev Coldplug all Devices.
Mar 31 09:27:33 7060 systemd[1]: Found device /dev/ttymxc0.
Mar 31 09:27:33 7060 systemd[1]: Started Load/Save Screen Backlight Brightness of backlight:backlight.
Mar 31 09:27:33 7060 systemd[1]: Reached target System Initialization.
Mar 31 09:27:33 7060 systemd[1]: Started Daily Cleanup of Temporary Directories.
Mar 31 09:27:33 7060 systemd[1]: Reached target Basic System.
Mar 31 09:27:33 7060 systemd[1]: Starting getty on tty2-tty6 if dbus and logind are not available...
Mar 31 09:27:33 7060 systemd[1]: Started Regular background program processing daemon.
Mar 31 09:27:33 7060 systemd[1]: Starting System Logging Service...
Mar 31 09:27:33 7060 systemd[1]: Starting Permit User Sessions...
Mar 31 09:27:33 7060 systemd[1]: apt-daily.timer: Adding 1h 45min 52.298812s random time.
Mar 31 09:27:33 7060 systemd[1]: Started Daily apt download activities.
Mar 31 09:27:33 7060 systemd[1]: apt-daily-upgrade.timer: Adding 8min 57.647372s random time.
Mar 31 09:27:33 7060 systemd[1]: Started Daily apt upgrade and clean activities.
Mar 31 09:27:33 7060 cron[189]: (CRON) INFO (pidfile fd = 3)
Mar 31 09:27:33 7060 systemd[1]: Reached target Timers.
Mar 31 09:27:33 7060 cron[189]: (CRON) INFO (Running @reboot jobs)
Mar 31 09:27:33 7060 systemd[1]: Started Permit User Sessions.
Mar 31 09:27:33 7060 liblogging-stdlog:  [origin software="rsyslogd" swVersion="8.24.0" x-pid="190" x-info="http://www.rsyslog.com"] start
Mar 31 09:27:33 7060 systemd[1]: Started System Logging Service.
Mar 31 09:27:33 7060 kernel: Booting Linux on physical CPU 0x0
Mar 31 09:27:33 7060 kernel: Linux version 4.1.15+ (robe@7060) (gcc version 6.3.1 20170109 (Linaro GCC 6.3-2017.02) ) #2 SMP PREEMPT Sun Mar 31 14:02:17 CST 2019
Mar 31 09:27:33 7060 kernel: CPU: ARMv7 Processor [410fc075] revision 5 (ARMv7), cr=10c53c7d
Mar 31 09:27:33 7060 kernel: CPU: PIPT / VIPT nonaliasing data cache, VIPT aliasing instruction cache
Mar 31 09:27:33 7060 kernel: Machine model: Freescale i.MX6 ULL 14x14 EVK Board
Mar 31 09:27:33 7060 kernel: Reserved memory: failed to allocate memory for node 'linux,cma'
Mar 31 09:27:33 7060 kernel: Memory policy: Data cache writealloc
Mar 31 09:27:33 7060 kernel: On node 0 totalpages: 65536
Mar 31 09:27:33 7060 kernel: free_area_init_node: node 0, pgdat 80c12c00, node_mem_map 8fdf7000
Mar 31 09:27:33 7060 kernel:  Normal zone: 512 pages used for memmap
Mar 31 09:27:33 7060 kernel:  Normal zone: 0 pages reserved
Mar 31 09:27:33 7060 kernel:  Normal zone: 65536 pages, LIFO batch:15
Mar 31 09:27:33 7060 kernel: PERCPU: Embedded 12 pages/cpu @8fdd4000 s16908 r8192 d24052 u49152
Mar 31 09:27:33 7060 kernel: pcpu-alloc: s16908 r8192 d24052 u49152 alloc=12*4096
Mar 31 09:27:33 7060 kernel: pcpu-alloc: [0] 0 
Mar 31 09:27:33 7060 kernel: Built 1 zonelists in Zone order, mobility grouping on.  Total pages: 65024
Mar 31 09:27:33 7060 kernel: Kernel command line: console=ttymxc0,115200 root=/dev/nfs rw nfsroot=192.168.50.21:/datadisk/dev_mys_y6ulx/nfs_rootfs ip=192.168.50.100:192.168.50.21:192.168.50.1:255.255.255.0::eth0:off
Mar 31 09:27:33 7060 kernel: PID hash table entries: 1024 (order: 0, 4096 bytes)
Mar 31 09:27:33 7060 kernel: Dentry cache hash table entries: 32768 (order: 5, 131072 bytes)
Mar 31 09:27:33 7060 kernel: Inode-cache hash table entries: 16384 (order: 4, 65536 bytes)
Mar 31 09:27:33 7060 kernel: Memory: 246880K/262144K available (8516K kernel code, 439K rwdata, 2944K rodata, 432K init, 450K bss, 15264K reserved, 0K cma-reserved, 0K highmem)
Mar 31 09:27:33 7060 kernel: Virtual kernel memory layout:
Mar 31 09:27:33 7060 kernel:    vector  : 0xffff0000 - 0xffff1000   (   4 kB)
Mar 31 09:27:33 7060 kernel:    fixmap  : 0xffc00000 - 0xfff00000   (3072 kB)
Mar 31 09:27:33 7060 kernel:    vmalloc : 0x90800000 - 0xff000000   (1768 MB)
Mar 31 09:27:33 7060 kernel:    lowmem  : 0x80000000 - 0x90000000   ( 256 MB)
Mar 31 09:27:33 7060 kernel:    pkmap   : 0x7fe00000 - 0x80000000   (   2 MB)
Mar 31 09:27:33 7060 kernel:    modules : 0x7f000000 - 0x7fe00000   (  14 MB)
Mar 31 09:27:33 7060 kernel:      .text : 0x80008000 - 0x80b393d4   (11461 kB)
Mar 31 09:27:33 7060 kernel:      .init : 0x80b3a000 - 0x80ba6000   ( 432 kB)
Mar 31 09:27:33 7060 kernel:      .data : 0x80ba6000 - 0x80c13de0   ( 440 kB)
Mar 31 09:27:33 7060 kernel:       .bss : 0x80c16000 - 0x80c86a40   ( 451 kB)
Mar 31 09:27:33 7060 kernel: SLUB: HWalign=64, Order=0-3, MinObjects=0, CPUs=1, Nodes=1
Mar 31 09:27:33 7060 kernel: Preemptible hierarchical RCU implementation.
Mar 31 09:27:33 7060 kernel: 	Additional per-CPU info printed with stalls.
Mar 31 09:27:33 7060 kernel: 	RCU restricting CPUs from NR_CPUS=4 to nr_cpu_ids=1.
Mar 31 09:27:33 7060 kernel: RCU: Adjusting geometry for rcu_fanout_leaf=16, nr_cpu_ids=1
Mar 31 09:27:33 7060 kernel: NR_IRQS:16 nr_irqs:16 16
Mar 31 09:27:33 7060 kernel: mxc_clocksource_init 24000000
Mar 31 09:27:33 7060 kernel: Switching to timer-based delay loop, resolution 41ns
Mar 31 09:27:33 7060 kernel: sched_clock: 32 bits at 24MHz, resolution 41ns, wraps every 89478484971ns
Mar 31 09:27:33 7060 kernel: clocksource mxc_timer1: mask: 0xffffffff max_cycles: 0xffffffff, max_idle_ns: 79635851949 ns
Mar 31 09:27:33 7060 kernel: Console: colour dummy device 80x30
Mar 31 09:27:33 7060 kernel: Calibrating delay loop (skipped), value calculated using timer frequency.. 48.00 BogoMIPS (lpj=240000)
Mar 31 09:27:33 7060 kernel: pid_max: default: 32768 minimum: 301
Mar 31 09:27:33 7060 kernel: Mount-cache hash table entries: 1024 (order: 0, 4096 bytes)
Mar 31 09:27:33 7060 kernel: Mountpoint-cache hash table entries: 1024 (order: 0, 4096 bytes)
Mar 31 09:27:33 7060 kernel: CPU: Testing write buffer coherency: ok
Mar 31 09:27:33 7060 kernel: /cpus/cpu@0 missing clock-frequency property
Mar 31 09:27:33 7060 kernel: CPU0: thread -1, cpu 0, socket 0, mpidr 80000000
Mar 31 09:27:33 7060 kernel: Setting up static identity map for 0x80008280 - 0x800082d8
Mar 31 09:27:33 7060 kernel: Brought up 1 CPUs
Mar 31 09:27:33 7060 kernel: SMP: Total of 1 processors activated (48.00 BogoMIPS).
Mar 31 09:27:33 7060 kernel: CPU: All CPU(s) started in SVC mode.
Mar 31 09:27:33 7060 kernel: devtmpfs: initialized
Mar 31 09:27:33 7060 kernel: device-tree: Duplicate name in lcdif@021c8000, renamed to "display#1"
Mar 31 09:27:33 7060 kernel: VFP support v0.3: implementor 41 architecture 2 part 30 variant 7 rev 5
Mar 31 09:27:33 7060 kernel: clocksource jiffies: mask: 0xffffffff max_cycles: 0xffffffff, max_idle_ns: 19112604462750000 ns
Mar 31 09:27:33 7060 kernel: pinctrl core: initialized pinctrl subsystem
Mar 31 09:27:33 7060 kernel: NET: Registered protocol family 16
Mar 31 09:27:33 7060 kernel: DMA: preallocated 256 KiB pool for atomic coherent allocations
Mar 31 09:27:33 7060 kernel: cpuidle: using governor ladder
Mar 31 09:27:33 7060 kernel: cpuidle: using governor menu
Mar 31 09:27:33 7060 kernel: hw-breakpoint: found 5 (+1 reserved) breakpoint and 4 watchpoint registers.
Mar 31 09:27:33 7060 kernel: hw-breakpoint: maximum watchpoint size is 8 bytes.
Mar 31 09:27:33 7060 kernel: imx6ul-pinctrl 20e0000.iomuxc: initialized IMX pinctrl driver
Mar 31 09:27:33 7060 kernel: imx6ul-pinctrl 2290000.iomuxc-snvs: initialized IMX pinctrl driver
Mar 31 09:27:33 7060 kernel: mxs-dma 1804000.dma-apbh: initialized
Mar 31 09:27:33 7060 kernel: SCSI subsystem initialized
Mar 31 09:27:33 7060 kernel: libata version 3.00 loaded.
Mar 31 09:27:33 7060 kernel: usbcore: registered new interface driver usbfs
Mar 31 09:27:33 7060 kernel: usbcore: registered new interface driver hub
Mar 31 09:27:33 7060 kernel: usbcore: registered new device driver usb
Mar 31 09:27:33 7060 kernel: i2c i2c-1: IMX I2C adapter registered
Mar 31 09:27:33 7060 kernel: i2c i2c-1: can't use DMA
Mar 31 09:27:33 7060 kernel: media: Linux media interface: v0.10
Mar 31 09:27:33 7060 kernel: Linux video capture interface: v2.00
Mar 31 09:27:33 7060 kernel: pps_core: LinuxPPS API ver. 1 registered
Mar 31 09:27:33 7060 kernel: pps_core: Software ver. 5.3.6 - Copyright 2005-2007 Rodolfo Giometti <giometti@linux.it>
Mar 31 09:27:33 7060 kernel: PTP clock support registered
Mar 31 09:27:33 7060 kernel: MIPI CSI2 driver module loaded
Mar 31 09:27:33 7060 kernel: Advanced Linux Sound Architecture Driver Initialized.
Mar 31 09:27:33 7060 kernel: Bluetooth: Core ver 2.20
Mar 31 09:27:33 7060 kernel: NET: Registered protocol family 31
Mar 31 09:27:33 7060 kernel: Bluetooth: HCI device and connection manager initialized
Mar 31 09:27:33 7060 kernel: Bluetooth: HCI socket layer initialized
Mar 31 09:27:33 7060 kernel: Bluetooth: L2CAP socket layer initialized
Mar 31 09:27:33 7060 kernel: Bluetooth: SCO socket layer initialized
Mar 31 09:27:33 7060 kernel: Switched to clocksource mxc_timer1
Mar 31 09:27:33 7060 kernel: NET: Registered protocol family 2
Mar 31 09:27:33 7060 kernel: TCP established hash table entries: 2048 (order: 1, 8192 bytes)
Mar 31 09:27:33 7060 kernel: TCP bind hash table entries: 2048 (order: 2, 16384 bytes)
Mar 31 09:27:33 7060 kernel: TCP: Hash tables configured (established 2048 bind 2048)
Mar 31 09:27:33 7060 kernel: UDP hash table entries: 256 (order: 1, 8192 bytes)
Mar 31 09:27:33 7060 kernel: UDP-Lite hash table entries: 256 (order: 1, 8192 bytes)
Mar 31 09:27:33 7060 kernel: NET: Registered protocol family 1
Mar 31 09:27:33 7060 kernel: RPC: Registered named UNIX socket transport module.
Mar 31 09:27:33 7060 kernel: RPC: Registered udp transport module.
Mar 31 09:27:33 7060 kernel: RPC: Registered tcp transport module.
Mar 31 09:27:33 7060 kernel: RPC: Registered tcp NFSv4.1 backchannel transport module.
Mar 31 09:27:33 7060 kernel: imx rpmsg driver is registered.
Mar 31 09:27:33 7060 kernel: Bus freq driver module loaded
Mar 31 09:27:33 7060 kernel: futex hash table entries: 256 (order: 2, 16384 bytes)
Mar 31 09:27:33 7060 kernel: VFS: Disk quotas dquot_6.6.0
Mar 31 09:27:33 7060 kernel: VFS: Dquot-cache hash table entries: 1024 (order 0, 4096 bytes)
Mar 31 09:27:33 7060 kernel: NFS: Registering the id_resolver key type
Mar 31 09:27:33 7060 kernel: Key type id_resolver registered
Mar 31 09:27:33 7060 kernel: Key type id_legacy registered
Mar 31 09:27:33 7060 kernel: jffs2: version 2.2. (NAND) © 2001-2006 Red Hat, Inc.
Mar 31 09:27:33 7060 kernel: fuse init (API version 7.23)
Mar 31 09:27:33 7060 kernel: io scheduler noop registered
Mar 31 09:27:33 7060 kernel: io scheduler deadline registered
Mar 31 09:27:33 7060 kernel: io scheduler cfq registered (default)
Mar 31 09:27:33 7060 kernel: imx-weim 21b8000.weim: Driver registered.
Mar 31 09:27:33 7060 kernel: backlight supply power not found, using dummy regulator
Mar 31 09:27:33 7060 kernel: MIPI DSI driver module loaded
Mar 31 09:27:33 7060 kernel: MIPI DSI driver module loaded
Mar 31 09:27:33 7060 kernel: 21c8000.lcdif supply lcd not found, using dummy regulator
Mar 31 09:27:33 7060 kernel: mxsfb 21c8000.lcdif: failed to find mxc display driver 
Mar 31 09:27:33 7060 kernel: Console: switching to colour frame buffer device 60x34
Mar 31 09:27:33 7060 kernel: mxsfb 21c8000.lcdif: initialized
Mar 31 09:27:33 7060 kernel: imx-sdma 20ec000.sdma: no event needs to be remapped
Mar 31 09:27:33 7060 kernel: imx-sdma 20ec000.sdma: loaded firmware 3.3
Mar 31 09:27:33 7060 kernel: imx-sdma 20ec000.sdma: initialized
Mar 31 09:27:33 7060 kernel: 2020000.serial: ttymxc0 at MMIO 0x2020000 (irq = 18, base_baud = 5000000) is a IMX
Mar 31 09:27:33 7060 kernel: console [ttymxc0] enabled
Mar 31 09:27:33 7060 kernel: imx-rng 2284000.rngb: iMX RNG Registered.
Mar 31 09:27:33 7060 kernel: imx sema4 driver is registered.
Mar 31 09:27:33 7060 kernel: [drm] Initialized drm 1.1.0 20060810
Mar 31 09:27:33 7060 kernel: [drm] Initialized vivante 1.0.0 20120216 on minor 0
Mar 31 09:27:33 7060 kernel: brd: module loaded
Mar 31 09:27:33 7060 kernel: loop: module loaded
Mar 31 09:27:33 7060 kernel: CAN device driver interface
Mar 31 09:27:33 7060 kernel: 2188000.ethernet supply phy not found, using dummy regulator
Mar 31 09:27:33 7060 kernel: pps pps0: new PPS source ptp0
Mar 31 09:27:33 7060 kernel: libphy: fec_enet_mii_bus: probed
Mar 31 09:27:33 7060 kernel: fec 2188000.ethernet eth0: registered PHC device 0
Mar 31 09:27:33 7060 kernel: PPP generic driver version 2.4.2
Mar 31 09:27:33 7060 kernel: PPP BSD Compression module registered
Mar 31 09:27:33 7060 kernel: PPP Deflate Compression module registered
Mar 31 09:27:33 7060 kernel: PPP MPPE Compression module registered
Mar 31 09:27:33 7060 kernel: NET: Registered protocol family 24
Mar 31 09:27:33 7060 kernel: SLIP: version 0.8.4-NET3.019-NEWTTY (dynamic channels, max=256) (6 bit encapsulation enabled).
Mar 31 09:27:33 7060 kernel: CSLIP: code copyright 1989 Regents of the University of California.
Mar 31 09:27:33 7060 kernel: SLIP linefill/keepalive option.
Mar 31 09:27:33 7060 kernel: ehci_hcd: USB 2.0 'Enhanced' Host Controller (EHCI) Driver
Mar 31 09:27:33 7060 kernel: ehci-mxc: Freescale On-Chip EHCI Host driver
Mar 31 09:27:33 7060 kernel: usbcore: registered new interface driver usb-storage
Mar 31 09:27:33 7060 kernel: usbcore: registered new interface driver usb_ehset_test
Mar 31 09:27:33 7060 kernel: 2184800.usbmisc supply vbus-wakeup not found, using dummy regulator
Mar 31 09:27:33 7060 kernel: 2184200.usb supply vbus not found, using dummy regulator
Mar 31 09:27:33 7060 kernel: ci_hdrc ci_hdrc.1: EHCI Host Controller
Mar 31 09:27:33 7060 kernel: ci_hdrc ci_hdrc.1: new USB bus registered, assigned bus number 1
Mar 31 09:27:33 7060 kernel: ci_hdrc ci_hdrc.1: USB 2.0 started, EHCI 1.00
Mar 31 09:27:33 7060 kernel: hub 1-0:1.0: USB hub found
Mar 31 09:27:33 7060 kernel: hub 1-0:1.0: 1 port detected
Mar 31 09:27:33 7060 kernel: mousedev: PS/2 mouse device common for all mice
Mar 31 09:27:33 7060 kernel: input: 20cc000.snvs:snvs-powerkey as /devices/platform/soc/2000000.aips-bus/20cc000.snvs/20cc000.snvs:snvs-powerkey/input/input0
Mar 31 09:27:33 7060 kernel: tp reset gpio=131
Mar 31 09:27:33 7060 kernel: msg ft5x0x_i2c_rxdata i2c read error: -5
Mar 31 09:27:33 7060 kernel: ft5x0x read ID error!
Mar 31 09:27:33 7060 kernel: ft5x06_ts: probe of 1-0038 failed with error 161
Mar 31 09:27:33 7060 kernel: ft5x0x_ts_init successful
Mar 31 09:27:33 7060 kernel: input: iMX6UL TouchScreen Controller as /devices/platform/soc/2000000.aips-bus/2040000.tsc/input/input1
Mar 31 09:27:33 7060 kernel: snvs_rtc 20cc000.snvs:snvs-rtc-lp: rtc core: registered 20cc000.snvs:snvs-r as rtc0
Mar 31 09:27:33 7060 kernel: i2c /dev entries driver
Mar 31 09:27:33 7060 kernel: IR NEC protocol handler initialized
Mar 31 09:27:33 7060 kernel: IR RC5(x/sz) protocol handler initialized
Mar 31 09:27:33 7060 kernel: IR RC6 protocol handler initialized
Mar 31 09:27:33 7060 kernel: IR JVC protocol handler initialized
Mar 31 09:27:33 7060 kernel: IR Sony protocol handler initialized
Mar 31 09:27:33 7060 kernel: IR SANYO protocol handler initialized
Mar 31 09:27:33 7060 kernel: IR Sharp protocol handler initialized
Mar 31 09:27:33 7060 kernel: IR MCE Keyboard/mouse protocol handler initialized
Mar 31 09:27:33 7060 kernel: IR XMP protocol handler initialized
Mar 31 09:27:33 7060 kernel: pxp-v4l2 pxp_v4l2: initialized
Mar 31 09:27:33 7060 kernel: usbcore: registered new interface driver uvcvideo
Mar 31 09:27:33 7060 kernel: USB Video Class driver (1.1.1)
Mar 31 09:27:33 7060 kernel: imx2-wdt 20bc000.wdog: use WDOG_B to reboot.
Mar 31 09:27:33 7060 kernel: imx2-wdt 20bc000.wdog: timeout 60 sec (nowayout=0)
Mar 31 09:27:33 7060 kernel: Bluetooth: HCI UART driver ver 2.3
Mar 31 09:27:33 7060 kernel: Bluetooth: HCI UART protocol H4 registered
Mar 31 09:27:33 7060 kernel: Bluetooth: HCI UART protocol BCSP registered
Mar 31 09:27:33 7060 kernel: Bluetooth: HCI UART protocol ATH3K registered
Mar 31 09:27:33 7060 kernel: usbcore: registered new interface driver btusb
Mar 31 09:27:33 7060 kernel: usbcore: registered new interface driver ath3k
Mar 31 09:27:33 7060 kernel: sdhci: Secure Digital Host Controller Interface driver
Mar 31 09:27:33 7060 kernel: sdhci: Copyright(c) Pierre Ossman
Mar 31 09:27:33 7060 kernel: sdhci-pltfm: SDHCI platform and OF driver helper
Mar 31 09:27:33 7060 kernel: /soc/aips-bus@02100000/usdhc@02190000: voltage-ranges unspecified
Mar 31 09:27:33 7060 kernel: sdhci-esdhc-imx 2190000.usdhc: could not get ultra high speed state, work on normal mode
Mar 31 09:27:33 7060 kernel: sdhci-esdhc-imx 2190000.usdhc: Got CD GPIO
Mar 31 09:27:33 7060 kernel: sdhci-esdhc-imx 2190000.usdhc: No vmmc regulator found
Mar 31 09:27:33 7060 kernel: sdhci-esdhc-imx 2190000.usdhc: No vqmmc regulator found
Mar 31 09:27:33 7060 kernel: mmc0: SDHCI controller on 2190000.usdhc [2190000.usdhc] using ADMA
Mar 31 09:27:33 7060 kernel: /soc/aips-bus@02100000/usdhc@02194000: voltage-ranges unspecified
Mar 31 09:27:33 7060 kernel: sdhci-esdhc-imx 2194000.usdhc: No vmmc regulator found
Mar 31 09:27:33 7060 kernel: sdhci-esdhc-imx 2194000.usdhc: No vqmmc regulator found
Mar 31 09:27:33 7060 kernel: usb 1-1: new high-speed USB device number 2 using ci_hdrc
Mar 31 09:27:33 7060 kernel: mmc0: host does not support reading read-only switch, assuming write-enable
Mar 31 09:27:33 7060 kernel: mmc1: SDHCI controller on 2194000.usdhc [2194000.usdhc] using ADMA
Mar 31 09:27:33 7060 kernel: mmc0: new high speed SDHC card at address aaaa
Mar 31 09:27:33 7060 kernel: mmcblk0: mmc0:aaaa SS16G 14.8 GiB 
Mar 31 09:27:33 7060 kernel: usbcore: registered new interface driver usbhid
Mar 31 09:27:33 7060 kernel: mmcblk0: p1 p2
Mar 31 09:27:33 7060 kernel: usbhid: USB HID core driver
Mar 31 09:27:33 7060 kernel: usbcore: registered new interface driver snd-usb-audio
Mar 31 09:27:33 7060 kernel: fsl-asrc 2034000.asrc: driver registered
Mar 31 09:27:33 7060 kernel: NET: Registered protocol family 26
Mar 31 09:27:33 7060 kernel: NET: Registered protocol family 10
Mar 31 09:27:33 7060 kernel: sit: IPv6 over IPv4 tunneling driver
Mar 31 09:27:33 7060 kernel: NET: Registered protocol family 17
Mar 31 09:27:33 7060 kernel: can: controller area network core (rev 20120528 abi 9)
Mar 31 09:27:33 7060 kernel: NET: Registered protocol family 29
Mar 31 09:27:33 7060 kernel: can: raw protocol (rev 20120528)
Mar 31 09:27:33 7060 kernel: can: broadcast manager protocol (rev 20120528 t)
Mar 31 09:27:33 7060 kernel: can: netlink gateway (rev 20130117) max_hops=1
Mar 31 09:27:33 7060 kernel: hub 1-1:1.0: USB hub found
Mar 31 09:27:33 7060 kernel: hub 1-1:1.0: 2 ports detected
Mar 31 09:27:33 7060 kernel: Bluetooth: RFCOMM TTY layer initialized
Mar 31 09:27:33 7060 kernel: Bluetooth: RFCOMM socket layer initialized
Mar 31 09:27:33 7060 kernel: Bluetooth: RFCOMM ver 1.11
Mar 31 09:27:33 7060 kernel: Bluetooth: BNEP (Ethernet Emulation) ver 1.3
Mar 31 09:27:33 7060 kernel: Bluetooth: BNEP filters: protocol multicast
Mar 31 09:27:33 7060 kernel: Bluetooth: BNEP socket layer initialized
Mar 31 09:27:33 7060 kernel: Bluetooth: HIDP (Human Interface Emulation) ver 1.2
Mar 31 09:27:33 7060 kernel: Bluetooth: HIDP socket layer initialized
Mar 31 09:27:33 7060 kernel: 8021q: 802.1Q VLAN Support v1.8
Mar 31 09:27:33 7060 kernel: Key type dns_resolver registered
Mar 31 09:27:33 7060 kernel: cpu cpu0: dev_pm_opp_get_opp_count: device OPP not found (-19)
Mar 31 09:27:33 7060 kernel: dhd_module_init in
Mar 31 09:27:33 7060 kernel: input: gpio-keys as /devices/platform/gpio-keys/input/input2
Mar 31 09:27:33 7060 kernel: snvs_rtc 20cc000.snvs:snvs-rtc-lp: setting system clock to 2019-03-31 09:27:18 UTC (1554024438)
Mar 31 09:27:33 7060 kernel: fec 2188000.ethernet eth0: Freescale FEC PHY driver [Generic PHY] (mii_bus:phy_addr=2188000.ethernet:00, irq=-1)
Mar 31 09:27:33 7060 kernel: IPv6: ADDRCONF(NETDEV_UP): eth0: link is not ready
Mar 31 09:27:33 7060 kernel: usb 1-1.1: new high-speed USB device number 3 using ci_hdrc
Mar 31 09:27:33 7060 kernel: fec 2188000.ethernet eth0: Link is Up - 100Mbps/Full - flow control off
Mar 31 09:27:33 7060 kernel: IPv6: ADDRCONF(NETDEV_CHANGE): eth0: link becomes ready
Mar 31 09:27:33 7060 kernel: IP-Config: Complete:
Mar 31 09:27:33 7060 kernel:     device=eth0, hwaddr=22:17:b3:6b:e7:3c, ipaddr=192.168.50.100, mask=255.255.255.0, gw=192.168.50.1
Mar 31 09:27:33 7060 kernel:     host=192.168.50.100, domain=, nis-domain=(none)
Mar 31 09:27:33 7060 kernel:     bootserver=192.168.50.21, rootserver=192.168.50.21, rootpath=
Mar 31 09:27:33 7060 kernel: gpio_dvfs: disabling
Mar 31 09:27:33 7060 kernel: VSD_3V3: disabling
Mar 31 09:27:33 7060 kernel: can-3v3: disabling
Mar 31 09:27:33 7060 kernel: ALSA device list:
Mar 31 09:27:33 7060 kernel:  No soundcards found.
Mar 31 09:27:33 7060 kernel: VFS: Mounted root (nfs filesystem) on device 0:14.
Mar 31 09:27:33 7060 kernel: devtmpfs: mounted
Mar 31 09:27:33 7060 kernel: Freeing unused kernel memory: 432K (80b3a000 - 80ba6000)
Mar 31 09:27:33 7060 kernel: random: systemd urandom read with 88 bits of entropy available
Mar 31 09:27:33 7060 kernel: random: nonblocking pool is initialized
Mar 31 09:27:33 7060 kernel: evbug: Connected device: input0 (20cc000.snvs:snvs-powerkey at snvs-pwrkey/input0)
Mar 31 09:27:33 7060 kernel: evbug: Connected device: input1 (iMX6UL TouchScreen Controller at unknown)
Mar 31 09:27:33 7060 kernel: evbug: Connected device: input2 (gpio-keys at gpio-keys/input0)
Mar 31 09:27:33 7060 systemd-udevd[204]: Failed to apply ACL on /dev/snd/timer: Operation not supported
Mar 31 09:27:34 7060 systemd[1]: Started getty on tty2-tty6 if dbus and logind are not available.
Mar 31 09:27:34 7060 systemd[1]: Started Getty on tty6.
Mar 31 09:27:34 7060 systemd[1]: Started Getty on tty5.
Mar 31 09:27:34 7060 systemd[1]: Started Getty on tty4.
Mar 31 09:27:34 7060 systemd[1]: Started Getty on tty3.
Mar 31 09:27:34 7060 systemd[1]: Started Serial Getty on ttymxc0.
Mar 31 09:27:34 7060 systemd[1]: Started Getty on tty1.
Mar 31 09:27:34 7060 systemd[1]: Started Getty on tty2.
Mar 31 09:27:34 7060 systemd[1]: Reached target Login Prompts.
Mar 31 09:27:34 7060 systemd[1]: Reached target Multi-User System.
Mar 31 09:27:34 7060 systemd[1]: Reached target Graphical Interface.
Mar 31 09:27:34 7060 systemd[1]: Starting Update UTMP about System Runlevel Changes...
Mar 31 09:27:34 7060 systemd[1]: Started Update UTMP about System Runlevel Changes.
Mar 31 09:27:34 7060 systemd[1]: Startup finished in 10.602s (kernel) + 7.657s (userspace) = 18.260s.
Mar 31 09:35:15 7060 kernel: evbug: Disconnected device: input0
Mar 31 09:35:15 7060 kernel: evbug: Disconnected device: input1
Mar 31 09:35:15 7060 kernel: evbug: Disconnected device: input2
Mar 31 09:35:23 7060 kernel: evbug: Connected device: input0 (20cc000.snvs:snvs-powerkey at snvs-pwrkey/input0)
Mar 31 09:35:23 7060 kernel: evbug: Connected device: input1 (iMX6UL TouchScreen Controller at unknown)
Mar 31 09:35:23 7060 kernel: evbug: Connected device: input2 (gpio-keys at gpio-keys/input0)
Mar 31 09:42:39 7060 systemd[1]: Starting Cleanup of Temporary Directories...
Mar 31 09:42:39 7060 systemd[1]: Started Cleanup of Temporary Directories.
Mar 31 09:58:40 7060 systemd[1]: Started Apply Kernel Variables.
Mar 31 09:58:40 7060 systemd[1]: Started Load/Save Random Seed.
Mar 31 09:58:40 7060 systemd[1]: Started udev Kernel Device Manager.
Mar 31 09:58:40 7060 systemd[1]: Starting Raise network interfaces...
Mar 31 09:58:40 7060 systemd[1]: Starting Flush Journal to Persistent Storage...
Mar 31 09:58:40 7060 systemd[1]: Started Flush Journal to Persistent Storage.
Mar 31 09:58:40 7060 systemd[1]: Starting Create Volatile Files and Directories...
Mar 31 09:58:40 7060 systemd[1]: Started Create Volatile Files and Directories.
Mar 31 09:58:40 7060 systemd[1]: Starting Network Time Synchronization...
Mar 31 09:58:40 7060 systemd[1]: Starting Update UTMP about System Boot/Shutdown...
Mar 31 09:58:40 7060 systemd[1]: Started Update UTMP about System Boot/Shutdown.
Mar 31 09:58:40 7060 systemd[1]: Started Raise network interfaces.
Mar 31 09:58:40 7060 systemd[1]: Reached target Network.
Mar 31 09:58:40 7060 systemd[1]: Started Network Time Synchronization.
Mar 31 09:58:40 7060 systemd[1]: Reached target System Time Synchronized.
Mar 31 09:58:40 7060 systemd-udevd[169]: Failed to apply ACL on /dev/dri/card0: Operation not supported
Mar 31 09:58:40 7060 systemd-udevd[169]: Failed to apply ACL on /dev/video0: Operation not supported
Mar 31 09:58:40 7060 systemd[1]: Created slice system-systemd\x2dbacklight.slice.
Mar 31 09:58:40 7060 systemd[1]: Starting Load/Save Screen Backlight Brightness of backlight:backlight...
Mar 31 09:58:40 7060 systemd[1]: Started udev Coldplug all Devices.
Mar 31 09:58:40 7060 systemd[1]: Found device /dev/ttymxc0.
Mar 31 09:58:40 7060 systemd[1]: Started Load/Save Screen Backlight Brightness of backlight:backlight.
Mar 31 09:58:40 7060 systemd[1]: Reached target System Initialization.
